 ExtIO_Example

 Timestamp is 529a5f95 (Sun Dec 01 01:58:45 2013)

 Preferred load address is 10000000

 Start         Length     Name                   Class
 0001:00000000 0005a7d2H .text                   CODE
 0001:0005a7e0 00001187H .text$x                 CODE
 0002:00000000 00000104H .CRT$XCA                DATA
 0002:00000104 00000104H .CRT$XCZ                DATA
 0002:00000208 00000104H .CRT$XIA                DATA
 0002:0000030c 00000113H .CRT$XIC                DATA
 0002:00000420 00000104H .CRT$XIZ                DATA
 0002:00000524 00000104H .CRT$XPA                DATA
 0002:00000628 00000109H .CRT$XPX                DATA
 0002:00000734 00000104H .CRT$XPXA               DATA
 0002:00000838 00000104H .CRT$XPZ                DATA
 0002:0000093c 00000104H .CRT$XTA                DATA
 0002:00000a40 00000104H .CRT$XTZ                DATA
 0002:00000b50 0000f372H .rdata                  DATA
 0002:0000fec4 00000162H .rdata$debug            DATA
 0002:00010028 0000031eH .rdata$r                DATA
 0002:00010350 00000139H .rdata$sxdata           DATA
 0002:0001048c 00000104H .rtc$IAA                DATA
 0002:00010590 00000104H .rtc$IZZ                DATA
 0002:00010694 00000104H .rtc$TAA                DATA
 0002:00010798 00000104H .rtc$TZZ                DATA
 0002:000108a0 00001056H .xdata$x                DATA
 0002:00011900 000003c5H .edata                  DATA
 0003:00000000 00001805H .data                   DATA
 0003:00001820 00002cd8H .bss                    DATA
 0004:00000000 00000028H .idata$2                DATA
 0004:00000028 00000014H .idata$3                DATA
 0004:0000003c 0000026cH .idata$4                DATA
 0004:000002a8 0000026cH .idata$5                DATA
 0004:00000514 0000091fH .idata$6                DATA
 0005:00000000 00000169H .rsrc$01                DATA
 0005:00000170 000002e9H .rsrc$02                DATA

  Address         Publics by Value              Rva+Base       Lib:Object

 0000:00000000       __except_list              00000000     <absolute>
 0000:0000000c       ___safe_se_handler_count   0000000c     <absolute>
 0000:00000000       ___ImageBase               10000000     <linker-defined>
 0001:000000e0       ?send_frequency@@YAXH@Z    100010e0 f   ExtIOFunctions.obj
 0001:00000200       ?create_udp_tx_server@@YAXXZ 10001200 f   ExtIOFunctions.obj
 0001:000002b0       ?destruct_udp_tx_server@@YAXXZ 100012b0 f   ExtIOFunctions.obj
 0001:000002d0       ?create_udp_listener@@YAXXZ 100012d0 f   ExtIOFunctions.obj
 0001:00000370       ?destruct_udp_listener@@YAXXZ 10001370 f   ExtIOFunctions.obj
 0001:00000390       ?TimerTrigger@@YGXPAXE@Z   10001390 f   ExtIOFunctions.obj
 0001:00000470       ?create_timer@@YAXXZ       10001470 f   ExtIOFunctions.obj
 0001:000004d0       ?destruct_timer@@YAXXZ     100014d0 f   ExtIOFunctions.obj
 0001:00000510       _InitHW@12                 10001510 f   ExtIOFunctions.obj
 0001:00000590       _OpenHW@0                  10001590 f   ExtIOFunctions.obj
 0001:000005a0       _StartHW@4                 100015a0 f   ExtIOFunctions.obj
 0001:00000610       _StopHW@0                  10001610 f   ExtIOFunctions.obj
 0001:00000660       _CloseHW@0                 10001660 f   ExtIOFunctions.obj
 0001:00000680       _SetHWLO@4                 10001680 f   ExtIOFunctions.obj
 0001:000006b0       _GetHWLO@0                 100016b0 f   ExtIOFunctions.obj
 0001:000006c0       _GetHWSR@0                 100016c0 f   ExtIOFunctions.obj
 0001:000006d0       _GetTune@0                 100016d0 f   ExtIOFunctions.obj
 0001:000006e0       _GetStatus@0               100016e0 f   ExtIOFunctions.obj
 0001:000006f0       _TuneChanged@4             100016f0 f   ExtIOFunctions.obj
 0001:00000700       _SetCallback@4             10001700 f   ExtIOFunctions.obj
 0001:00000740       _RawDataReady@16           10001740 f   ExtIOFunctions.obj
 0001:00000744       _OutputDebugStringA@4      10001744 f   kernel32:KERNEL32.dll
 0001:0000074a       _SetEvent@4                1000174a f   kernel32:KERNEL32.dll
 0001:00000750       _CreateTimerQueueTimer@28  10001750 f   kernel32:KERNEL32.dll
 0001:00000756       _CreateTimerQueue@0        10001756 f   kernel32:KERNEL32.dll
 0001:0000075c       _CreateEventA@16           1000175c f   kernel32:KERNEL32.dll
 0001:00000762       _DeleteTimerQueue@4        10001762 f   kernel32:KERNEL32.dll
 0001:00000768       _CloseHandle@4             10001768 f   kernel32:KERNEL32.dll
 0001:0000076e       _WaitForSingleObject@8     1000176e f   kernel32:KERNEL32.dll
 0001:00000774       _sendto@24                 10001774 f   wsock32:WSOCK32.dll
 0001:0000077a       _htons@4                   1000177a f   wsock32:WSOCK32.dll
 0001:00000780       _setsockopt@20             10001780 f   wsock32:WSOCK32.dll
 0001:00000786       _socket@12                 10001786 f   wsock32:WSOCK32.dll
 0001:0000078c       _WSAStartup@8              1000178c f   wsock32:WSOCK32.dll
 0001:00000792       _WSACleanup@0              10001792 f   wsock32:WSOCK32.dll
 0001:00000798       _closesocket@4             10001798 f   wsock32:WSOCK32.dll
 0001:0000079e       _bind@12                   1000179e f   wsock32:WSOCK32.dll
 0001:000007a4       _recvfrom@24               100017a4 f   wsock32:WSOCK32.dll
 0001:000007aa       _ioctlsocket@12            100017aa f   wsock32:WSOCK32.dll
 0001:000007b0       _sprintf                   100017b0 f   LIBCMTD:sprintf.obj
 0001:00000930       __sprintf_l                10001930 f   LIBCMTD:sprintf.obj
 0001:00000960       _sprintf_s                 10001960 f   LIBCMTD:sprintf.obj
 0001:00000990       __sprintf_s_l              10001990 f   LIBCMTD:sprintf.obj
 0001:000009c0       __snprintf_s               100019c0 f   LIBCMTD:sprintf.obj
 0001:000009f0       __snprintf_s_l             100019f0 f   LIBCMTD:sprintf.obj
 0001:00000a20       __sprintf_p                10001a20 f   LIBCMTD:sprintf.obj
 0001:00000a50       __sprintf_p_l              10001a50 f   LIBCMTD:sprintf.obj
 0001:00000a80       __scprintf                 10001a80 f   LIBCMTD:sprintf.obj
 0001:00000aa0       __scprintf_p               10001aa0 f   LIBCMTD:sprintf.obj
 0001:00000ac0       __scprintf_l               10001ac0 f   LIBCMTD:sprintf.obj
 0001:00000af0       __scprintf_p_l             10001af0 f   LIBCMTD:sprintf.obj
 0001:00000b20       __fpmath                   10001b20 f   LIBCMTD:_fpinit_.obj
 0001:00000b50       __fpclear                  10001b50 f   LIBCMTD:_fpinit_.obj
 0001:00000b60       __cfltcvt_init             10001b60 f   LIBCMTD:_fpinit_.obj
 0001:00000bd0       ___setfflag                10001bd0 f   LIBCMTD:_fpinit_.obj
 0001:00000bf0       @__security_check_cookie@4 10001bf0 f   LIBCMTD:secchk.obj
 0001:00000c00       __ftol2_sse                10001c00 f   LIBCMTD:ftol2.obj
 0001:00000c09       __ftol2_pentium4           10001c09 f   LIBCMTD:ftol2.obj
 0001:00000c1c       __ftol2_sse_excpt          10001c1c f   LIBCMTD:ftol2.obj
 0001:00000c36       __ftol2                    10001c36 f   LIBCMTD:ftol2.obj
 0001:00000cb0       __CRT_INIT@12              10001cb0 f   LIBCMTD:dllcrt0.obj
 0001:00000e80       __DllMainCRTStartup@12     10001e80 f   LIBCMTD:dllcrt0.obj
 0001:00001070       __flsbuf                   10002070 f   LIBCMTD:_flsbuf.obj
 0001:00001330       __output_l                 10002330 f   LIBCMTD:output.obj
 0001:000025f0       ??0_LocaleUpdate@@QAE@PAUlocaleinfo_struct@@@Z 100035f0 f i LIBCMTD:output.obj
 0001:000026d0       ??1_LocaleUpdate@@QAE@XZ   100036d0 f i LIBCMTD:output.obj
 0001:00002700       ?GetLocaleT@_LocaleUpdate@@QAEPAUlocaleinfo_struct@@XZ 10003700 f i LIBCMTD:output.obj
 0001:00002880       _get_int_arg               10003880 f i LIBCMTD:output.obj
 0001:000028a0       _get_int64_arg             100038a0 f i LIBCMTD:output.obj
 0001:000028c0       _get_short_arg             100038c0 f i LIBCMTD:output.obj
 0001:000028e0       __initp_misc_invarg        100038e0 f   LIBCMTD:invarg.obj
 0001:000028f0       __invalid_parameter        100038f0 f   LIBCMTD:invarg.obj
 0001:00002960       __invoke_watson            10003960 f   LIBCMTD:invarg.obj
 0001:00002ab0       __set_invalid_parameter_handler 10003ab0 f   LIBCMTD:invarg.obj
 0001:00002b00       __get_invalid_parameter_handler 10003b00 f   LIBCMTD:invarg.obj
 0001:00002b30       ?_invalid_parameter@@YAXPBG00II@Z 10003b30 f   LIBCMTD:invarg.obj
 0001:00002b60       ?_invoke_watson@@YAXPBG00II@Z 10003b60 f   LIBCMTD:invarg.obj
 0001:00002b90       __dosmaperr                10003b90 f   LIBCMTD:dosmap.obj
 0001:00002bc0       __get_errno_from_oserr     10003bc0 f   LIBCMTD:dosmap.obj
 0001:00002c40       __set_errno                10003c40 f   LIBCMTD:dosmap.obj
 0001:00002c70       __get_errno                10003c70 f   LIBCMTD:dosmap.obj
 0001:00002cf0       __set_doserrno             10003cf0 f   LIBCMTD:dosmap.obj
 0001:00002d20       __get_doserrno             10003d20 f   LIBCMTD:dosmap.obj
 0001:00002da0       __errno                    10003da0 f   LIBCMTD:dosmap.obj
 0001:00002dd0       ___doserrno                10003dd0 f   LIBCMTD:dosmap.obj
 0001:00002e00       __CrtSetReportHookW2       10003e00 f   LIBCMTD:dbgrptw.obj
 0001:00003120       __CrtDbgReportW            10004120 f   LIBCMTD:dbgrptw.obj
 0001:00003160       __CrtDbgReportWV           10004160 f i LIBCMTD:dbgrptw.obj
 0001:00003190       ___crtMessageWindowW       10004190 f   LIBCMTD:dbgrptw.obj
 0001:00003590       __invoke_watson_if_error   10004590 f i LIBCMTD:dbgrptw.obj
 0001:000035c0       __invoke_watson_if_oneof   100045c0 f i LIBCMTD:dbgrptw.obj
 0001:00003610       ?_CrtDbgReportW@@YAHHPBGH00ZZ 10004610 f   LIBCMTD:dbgrptw.obj
 0001:00003650       __vsprintf_l               10004650 f   LIBCMTD:vsprintf.obj
 0001:000037d0       _vsprintf                  100047d0 f   LIBCMTD:vsprintf.obj
 0001:000037f0       __vscprintf_helper         100047f0 f   LIBCMTD:vsprintf.obj
 0001:000038b0       __vscprintf                100048b0 f   LIBCMTD:vsprintf.obj
 0001:000038d0       __vscprintf_l              100048d0 f   LIBCMTD:vsprintf.obj
 0001:000038f0       __vscprintf_p              100048f0 f   LIBCMTD:vsprintf.obj
 0001:00003910       __vscprintf_p_l            10004910 f   LIBCMTD:vsprintf.obj
 0001:00003930       __vsnprintf_helper         10004930 f   LIBCMTD:vsnprnc.obj
 0001:00003b00       __vsnprintf_c              10004b00 f   LIBCMTD:vsnprnc.obj
 0001:00003b50       __vsnprintf_c_l            10004b50 f   LIBCMTD:vsnprnc.obj
 0001:00003ba0       __vsprintf_s_l             10004ba0 f   LIBCMTD:vsnprnc.obj
 0001:00003e10       _vsprintf_s                10004e10 f   LIBCMTD:vsnprnc.obj
 0001:00003e40       __vsnprintf_s_l            10004e40 f   LIBCMTD:vsnprnc.obj
 0001:000041e0       __vsnprintf_s              100051e0 f   LIBCMTD:vsnprnc.obj
 0001:00004210       __vsprintf_p               10005210 f   LIBCMTD:vsnprnc.obj
 0001:00004260       __vsprintf_p_l             10005260 f   LIBCMTD:vsnprnc.obj
 0001:000042b0       __setdefaultprecision      100052b0 f   LIBCMTD:fp8.obj
 0001:000042f0       __ms_p5_test_fdiv          100052f0 f   LIBCMTD:_testfdiv_.obj
 0001:00004340       __ms_p5_mp_test_fdiv       10005340 f   LIBCMTD:_testfdiv_.obj
 0001:00004390       __forcdecpt                10005390 f   LIBCMTD:cvt.obj
 0001:000043b0       __forcdecpt_l              100053b0 f   LIBCMTD:cvt.obj
 0001:00004470       __cropzeros                10005470 f   LIBCMTD:cvt.obj
 0001:00004490       __cropzeros_l              10005490 f   LIBCMTD:cvt.obj
 0001:000045a0       __positive                 100055a0 f   LIBCMTD:cvt.obj
 0001:000045d0       __fassign_l                100055d0 f   LIBCMTD:cvt.obj
 0001:00004630       __fassign                  10005630 f   LIBCMTD:cvt.obj
 0001:00004650       __cftoe_l                  10005650 f   LIBCMTD:cvt.obj
 0001:00004ba0       __cftoe                    10005ba0 f   LIBCMTD:cvt.obj
 0001:00004bd0       __cftoa_l                  10005bd0 f   LIBCMTD:cvt.obj
 0001:000053b0       ?strrchr@@YAPADPADH@Z      100063b0 f i LIBCMTD:cvt.obj
 0001:000053d0       __cftoa                    100063d0 f   LIBCMTD:cvt.obj
 0001:00005400       __cftof_l                  10006400 f   LIBCMTD:cvt.obj
 0001:00005810       __cftof                    10006810 f   LIBCMTD:cvt.obj
 0001:00005840       __cftog_l                  10006840 f   LIBCMTD:cvt.obj
 0001:00005a70       __cftog                    10006a70 f   LIBCMTD:cvt.obj
 0001:00005aa0       __cfltcvt_l                10006aa0 f   LIBCMTD:cvt.obj
 0001:00005b60       __cfltcvt                  10006b60 f   LIBCMTD:cvt.obj
 0001:00005bc0       __initp_misc_cfltcvt_tab   10006bc0 f   LIBCMTD:cmiscdat.obj
 0001:00005c10       ___report_gsfailure        10006c10 f   LIBCMTD:gs_report.obj
 0001:00005d20       __get_sse2_info            10006d20 f   LIBCMTD:cpu_disp.obj
 0001:00005e50       ___sse2_available_init     10006e50 f   LIBCMTD:cpu_disp.obj
 0001:00005e70       __encode_pointer           10006e70 f   LIBCMTD:tidtable.obj
 0001:00005f10       __crt_wait_module_handle   10006f10 f i LIBCMTD:tidtable.obj
 0001:00005f40       __encoded_null             10006f40 f   LIBCMTD:tidtable.obj
 0001:00005f60       __decode_pointer           10006f60 f   LIBCMTD:tidtable.obj
 0001:00006000       ___crtTlsAlloc@4           10007000 f   LIBCMTD:tidtable.obj
 0001:00006010       ___fls_getvalue@4          10007010 f   LIBCMTD:tidtable.obj
 0001:00006030       ___get_flsindex            10007030 f   LIBCMTD:tidtable.obj
 0001:00006040       ___set_flsgetvalue         10007040 f   LIBCMTD:tidtable.obj
 0001:00006090       ___fls_setvalue@8          10007090 f   LIBCMTD:tidtable.obj
 0001:000060c0       __mtinit                   100070c0 f   LIBCMTD:tidtable.obj
 0001:000062d0       __mtterm                   100072d0 f   LIBCMTD:tidtable.obj
 0001:00006330       __initptd                  10007330 f   LIBCMTD:tidtable.obj
 0001:00006490       __getptd_noexit            10007490 f   LIBCMTD:tidtable.obj
 0001:00006550       __getptd                   10007550 f   LIBCMTD:tidtable.obj
 0001:00006580       __freefls@4                10007580 f   LIBCMTD:tidtable.obj
 0001:00006790       __freeptd                  10007790 f   LIBCMTD:tidtable.obj
 0001:00006810       ___threadid                10007810 f   LIBCMTD:tidtable.obj
 0001:00006820       ___threadhandle            10007820 f   LIBCMTD:tidtable.obj
 0001:00006830       __malloc_dbg               10007830 f   LIBCMTD:dbgheap.obj
 0001:00006860       __nh_malloc                10007860 f   LIBCMTD:dbgheap.obj
 0001:00006880       __nh_malloc_dbg            10007880 f   LIBCMTD:dbgheap.obj
 0001:00006950       __heap_alloc               10007950 f   LIBCMTD:dbgheap.obj
 0001:00006d20       __heap_alloc_dbg           10007d20 f   LIBCMTD:dbgheap.obj
 0001:00006d80       __calloc_dbg_impl          10007d80 f   LIBCMTD:dbgheap.obj
 0001:00006e50       __calloc_dbg               10007e50 f   LIBCMTD:dbgheap.obj
 0001:00006eb0       __recalloc                 10007eb0 f   LIBCMTD:dbgheap.obj
 0001:00006ee0       __realloc_dbg              10007ee0 f   LIBCMTD:dbgheap.obj
 0001:00007580       __recalloc_dbg             10008580 f   LIBCMTD:dbgheap.obj
 0001:00007680       __expand                   10008680 f   LIBCMTD:dbgheap.obj
 0001:000076b0       __expand_dbg               100086b0 f   LIBCMTD:dbgheap.obj
 0001:000077c0       __free_nolock              100087c0 f   LIBCMTD:dbgheap.obj
 0001:000077e0       __free_dbg                 100087e0 f   LIBCMTD:dbgheap.obj
 0001:00007860       __free_dbg_nolock          10008860 f   LIBCMTD:dbgheap.obj
 0001:00007d40       __msize                    10008d40 f   LIBCMTD:dbgheap.obj
 0001:00007d60       __msize_dbg                10008d60 f   LIBCMTD:dbgheap.obj
 0001:00007f50       __CrtSetBreakAlloc         10008f50 f   LIBCMTD:dbgheap.obj
 0001:00007f70       __CrtSetDbgBlockType       10008f70 f   LIBCMTD:dbgheap.obj
 0001:00008060       __CrtSetAllocHook          10009060 f   LIBCMTD:dbgheap.obj
 0001:00008080       __CrtGetAllocHook          10009080 f   LIBCMTD:dbgheap.obj
 0001:000080e0       __CrtCheckMemory           100090e0 f   LIBCMTD:dbgheap.obj
 0001:00008540       __CrtSetDbgFlag            10009540 f   LIBCMTD:dbgheap.obj
 0001:00008690       __CrtDoForAllClientObjects 10009690 f   LIBCMTD:dbgheap.obj
 0001:000087b0       __CrtIsValidPointer        100097b0 f   LIBCMTD:dbgheap.obj
 0001:000087c0       __CrtIsValidHeapPointer    100097c0 f   LIBCMTD:dbgheap.obj
 0001:00008860       __CrtIsMemoryBlock         10009860 f   LIBCMTD:dbgheap.obj
 0001:000089d0       __CrtReportBlockType       100099d0 f   LIBCMTD:dbgheap.obj
 0001:00008a00       __CrtSetDumpClient         10009a00 f   LIBCMTD:dbgheap.obj
 0001:00008a20       __CrtGetDumpClient         10009a20 f   LIBCMTD:dbgheap.obj
 0001:00008a30       __CrtMemCheckpoint         10009a30 f   LIBCMTD:dbgheap.obj
 0001:00008c50       __CrtMemDifference         10009c50 f   LIBCMTD:dbgheap.obj
 0001:00008e70       __CrtMemDumpAllObjectsSince 10009e70 f   LIBCMTD:dbgheap.obj
 0001:00009360       __CrtDumpMemoryLeaks       1000a360 f   LIBCMTD:dbgheap.obj
 0001:000093d0       __CrtMemDumpStatistics     1000a3d0 f   LIBCMTD:dbgheap.obj
 0001:000094e0       __aligned_malloc           1000a4e0 f   LIBCMTD:dbgheap.obj
 0001:00009500       __aligned_malloc_dbg       1000a500 f   LIBCMTD:dbgheap.obj
 0001:00009530       __aligned_realloc          1000a530 f   LIBCMTD:dbgheap.obj
 0001:00009560       __aligned_recalloc         1000a560 f   LIBCMTD:dbgheap.obj
 0001:00009590       __aligned_realloc_dbg      1000a590 f   LIBCMTD:dbgheap.obj
 0001:000095c0       __aligned_recalloc_dbg     1000a5c0 f   LIBCMTD:dbgheap.obj
 0001:000095f0       __aligned_offset_malloc    1000a5f0 f   LIBCMTD:dbgheap.obj
 0001:00009610       __aligned_offset_malloc_dbg 1000a610 f   LIBCMTD:dbgheap.obj
 0001:000097b0       __aligned_offset_realloc   1000a7b0 f   LIBCMTD:dbgheap.obj
 0001:000097e0       __aligned_offset_recalloc  1000a7e0 f   LIBCMTD:dbgheap.obj
 0001:00009810       __aligned_offset_realloc_dbg 1000a810 f   LIBCMTD:dbgheap.obj
 0001:00009ae0       __aligned_offset_recalloc_dbg 1000aae0 f   LIBCMTD:dbgheap.obj
 0001:00009bf0       __aligned_free             1000abf0 f   LIBCMTD:dbgheap.obj
 0001:00009c10       __aligned_free_dbg         1000ac10 f   LIBCMTD:dbgheap.obj
 0001:00009cc0       __CrtSetDebugFillThreshold 1000acc0 f   LIBCMTD:dbgheap.obj
 0001:00009ce0       __CrtSetCheckCount         1000ace0 f   LIBCMTD:dbgheap.obj
 0001:00009d00       __CrtGetCheckCount         1000ad00 f   LIBCMTD:dbgheap.obj
 0001:00009d10       __aligned_msize            1000ad10 f   LIBCMTD:dbgheap.obj
 0001:00009d30       __aligned_msize_dbg        1000ad30 f   LIBCMTD:dbgheap.obj
 0001:00009e40       __crt_waiting_on_module_handle 1000ae40 f   LIBCMTD:crt0dat.obj
 0001:00009ea0       __cinit                    1000aea0 f   LIBCMTD:crt0dat.obj
 0001:00009f40       _exit                      1000af40 f   LIBCMTD:crt0dat.obj
 0001:00009f60       __exit                     1000af60 f   LIBCMTD:crt0dat.obj
 0001:00009f80       __cexit                    1000af80 f   LIBCMTD:crt0dat.obj
 0001:00009fa0       __c_exit                   1000afa0 f   LIBCMTD:crt0dat.obj
 0001:00009fc0       __amsg_exit                1000afc0 f   LIBCMTD:crt0dat.obj
 0001:0000a000       ___freeCrtMemory           1000b000 f   LIBCMTD:crt0dat.obj
 0001:0000a350       ___crtCorExitProcess       1000b350 f   LIBCMTD:crt0dat.obj
 0001:0000a390       ___crtExitProcess          1000b390 f   LIBCMTD:crt0dat.obj
 0001:0000a3b0       __lockexit                 1000b3b0 f   LIBCMTD:crt0dat.obj
 0001:0000a3d0       __unlockexit               1000b3d0 f   LIBCMTD:crt0dat.obj
 0001:0000a3f0       __init_pointers            1000b3f0 f   LIBCMTD:crt0dat.obj
 0001:0000a4b0       __initterm_e               1000b4b0 f   LIBCMTD:crt0dat.obj
 0001:0000a4f0       __get_wpgmptr              1000b4f0 f   LIBCMTD:crt0dat.obj
 0001:0000a5e0       __get_pgmptr               1000b5e0 f   LIBCMTD:crt0dat.obj
 0001:0000a6d0       __ioinit                   1000b6d0 f   LIBCMTD:ioinit.obj
 0001:0000ab70       __ioterm                   1000bb70 f   LIBCMTD:ioinit.obj
 0001:0000ac10       __setenvp                  1000bc10 f   LIBCMTD:stdenvp.obj
 0001:0000adb0       __setargv                  1000bdb0 f   LIBCMTD:stdargv.obj
 0001:0000aed0       __set_pgmptr               1000bed0 f i LIBCMTD:stdargv.obj
 0001:0000b240       ___crtGetEnvironmentStringsA 1000c240 f   LIBCMTD:a_env.obj
 0001:0000b460       __RTC_Initialize           1000c460 f   LIBCMTD:_initsect_.obj
 0001:0000b490       __RTC_Terminate            1000c490 f   LIBCMTD:_initsect_.obj
 0001:0000b4c0       ___heap_select             1000c4c0 f   LIBCMTD:heapinit.obj
 0001:0000b4e0       __heap_init                1000c4e0 f   LIBCMTD:heapinit.obj
 0001:0000b560       __heap_term                1000c560 f   LIBCMTD:heapinit.obj
 0001:0000b600       __get_heap_handle          1000c600 f   LIBCMTD:heapinit.obj
 0001:0000b640       ___security_init_cookie    1000c640 f   LIBCMTD:gs_support.obj
 0001:0000b720       __initp_misc_winxfltr      1000c720 f   LIBCMTD:winxfltr.obj
 0001:0000b730       ___CppXcptFilter           1000c730 f   LIBCMTD:winxfltr.obj
 0001:0000b760       __XcptFilter               1000c760 f   LIBCMTD:winxfltr.obj
 0001:0000b990       _DllMain@12                1000c990 f   LIBCMTD:dllmain.obj
 0001:0000b9a0       __except_handler4          1000c9a0 f   LIBCMTD:chandler4.obj
 0001:0000bbc0       __lseeki64                 1000cbc0 f   LIBCMTD:lseeki64.obj
 0001:0000be10       __lseeki64_nolock          1000ce10 f   LIBCMTD:lseeki64.obj
 0001:0000bf00       __write                    1000cf00 f   LIBCMTD:write.obj
 0001:0000c130       __write_nolock             1000d130 f   LIBCMTD:write.obj
 0001:0000cc70       __getbuf                   1000dc70 f   LIBCMTD:_getbuf.obj
 0001:0000cd30       __isatty                   1000dd30 f   LIBCMTD:isatty.obj
 0001:0000ce10       ___iob_func                1000de10 f   LIBCMTD:_file.obj
 0001:0000ce20       ___initstdio               1000de20 f   LIBCMTD:_file.obj
 0001:0000cf70       ___endstdio                1000df70 f   LIBCMTD:_file.obj
 0001:0000cfa0       __lock_file                1000dfa0 f   LIBCMTD:_file.obj
 0001:0000d000       __lock_file2               1000e000 f   LIBCMTD:_file.obj
 0001:0000d040       __unlock_file              1000e040 f   LIBCMTD:_file.obj
 0001:0000d0a0       __unlock_file2             1000e0a0 f   LIBCMTD:_file.obj
 0001:0000d0e0       __fileno                   1000e0e0 f   LIBCMTD:fileno.obj
 0001:0000d160       _printf                    1000e160 f   LIBCMTD:printf.obj
 0001:0000d2a0       __printf_l                 1000e2a0 f   LIBCMTD:printf.obj
 0001:0000d2d0       __printf_s_l               1000e2d0 f   LIBCMTD:printf.obj
 0001:0000d300       _printf_s                  1000e300 f   LIBCMTD:printf.obj
 0001:0000d330       __printf_p_l               1000e330 f   LIBCMTD:printf.obj
 0001:0000d360       __printf_p                 1000e360 f   LIBCMTD:printf.obj
 0001:0000d390       __set_printf_count_output  1000e390 f   LIBCMTD:printf.obj
 0001:0000d3e0       __get_printf_count_output  1000e3e0 f   LIBCMTD:printf.obj
 0001:0000d400       _strlen                    1000e400 f   LIBCMTD:strlen.obj
 0001:0000d490       __wctomb_s_l               1000e490 f   LIBCMTD:wctomb.obj
 0001:0000d790       _wctomb_s                  1000e790 f   LIBCMTD:wctomb.obj
 0001:0000d7c0       __wctomb_l                 1000e7c0 f   LIBCMTD:wctomb.obj
 0001:0000d840       _wctomb                    1000e840 f   LIBCMTD:wctomb.obj
 0001:0000d890       __isleadbyte_l             1000e890 f i LIBCMTD:_wctype.obj
 0001:0000d8e0       _isleadbyte                1000e8e0 f i LIBCMTD:_wctype.obj
 0001:0000d900       __iswalpha_l               1000e900 f i LIBCMTD:_wctype.obj
 0001:0000d920       _iswalpha                  1000e920 f i LIBCMTD:_wctype.obj
 0001:0000d940       __iswupper_l               1000e940 f i LIBCMTD:_wctype.obj
 0001:0000d960       _iswupper                  1000e960 f i LIBCMTD:_wctype.obj
 0001:0000d980       __iswlower_l               1000e980 f i LIBCMTD:_wctype.obj
 0001:0000d9a0       _iswlower                  1000e9a0 f i LIBCMTD:_wctype.obj
 0001:0000d9c0       __iswdigit_l               1000e9c0 f i LIBCMTD:_wctype.obj
 0001:0000d9e0       _iswdigit                  1000e9e0 f i LIBCMTD:_wctype.obj
 0001:0000da00       __iswxdigit_l              1000ea00 f i LIBCMTD:_wctype.obj
 0001:0000da20       _iswxdigit                 1000ea20 f i LIBCMTD:_wctype.obj
 0001:0000da40       __iswspace_l               1000ea40 f i LIBCMTD:_wctype.obj
 0001:0000da60       _iswspace                  1000ea60 f i LIBCMTD:_wctype.obj
 0001:0000da80       __iswpunct_l               1000ea80 f i LIBCMTD:_wctype.obj
 0001:0000daa0       _iswpunct                  1000eaa0 f i LIBCMTD:_wctype.obj
 0001:0000dac0       __iswalnum_l               1000eac0 f i LIBCMTD:_wctype.obj
 0001:0000dae0       _iswalnum                  1000eae0 f i LIBCMTD:_wctype.obj
 0001:0000db00       __iswprint_l               1000eb00 f i LIBCMTD:_wctype.obj
 0001:0000db20       _iswprint                  1000eb20 f i LIBCMTD:_wctype.obj
 0001:0000db40       __iswgraph_l               1000eb40 f i LIBCMTD:_wctype.obj
 0001:0000db60       _iswgraph                  1000eb60 f i LIBCMTD:_wctype.obj
 0001:0000db80       __iswcntrl_l               1000eb80 f i LIBCMTD:_wctype.obj
 0001:0000dba0       _iswcntrl                  1000eba0 f i LIBCMTD:_wctype.obj
 0001:0000dbc0       _iswascii                  1000ebc0 f i LIBCMTD:_wctype.obj
 0001:0000dbe0       __iswcsym_l                1000ebe0 f i LIBCMTD:_wctype.obj
 0001:0000dc20       ___iswcsym                 1000ec20 f i LIBCMTD:_wctype.obj
 0001:0000dc60       __iswcsymf_l               1000ec60 f i LIBCMTD:_wctype.obj
 0001:0000dca0       ___iswcsymf                1000eca0 f i LIBCMTD:_wctype.obj
 0001:0000dce0       __aulldiv                  1000ece0 f   LIBCMTD:ulldiv.obj
 0001:0000dd50       __aullrem                  1000ed50 f   LIBCMTD:ullrem.obj
 0001:0000ddd0       ___updatetmbcinfo          1000edd0 f   LIBCMTD:mbctype.obj
 0001:0000dee0       __setmbcp                  1000eee0 f   LIBCMTD:mbctype.obj
 0001:0000e290       __setmbcp_nolock           1000f290 f   LIBCMTD:mbctype.obj
 0001:0000ea80       __getmbcp                  1000fa80 f   LIBCMTD:mbctype.obj
 0001:0000eaf0       ___initmbctable            1000faf0 f   LIBCMTD:mbctype.obj
 0001:0000eb20       ____setlc_active_func      1000fb20 f   LIBCMTD:setlocal.obj
 0001:0000eb30       ____unguarded_readlc_active_add_func 1000fb30 f   LIBCMTD:setlocal.obj
 0001:0000eb40       ___freetlocinfo            1000fb40 f   LIBCMTD:setlocal.obj
 0001:0000ee20       ___addlocaleref            1000fe20 f   LIBCMTD:setlocal.obj
 0001:0000ef40       ___removelocaleref         1000ff40 f   LIBCMTD:setlocal.obj
 0001:0000f070       ___updatetlocinfo          10010070 f   LIBCMTD:setlocal.obj
 0001:0000f1c0       __configthreadlocale       100101c0 f   LIBCMTD:setlocal.obj
 0001:0000f2d0       __locterm                  100102d0 f   LIBCMTD:setlocal.obj
 0001:0000f370       __free_locale              10010370 f   LIBCMTD:setlocal.obj
 0001:0000f4b0       ___free_locale             100104b0 f   LIBCMTD:setlocal.obj
 0001:0000f4d0       __create_locale            100104d0 f   LIBCMTD:setlocal.obj
 0001:0000f700       ___create_locale           10010700 f   LIBCMTD:setlocal.obj
 0001:0000f720       __get_current_locale       10010720 f   LIBCMTD:setlocal.obj
 0001:0000f840       ___get_current_locale      10010840 f   LIBCMTD:setlocal.obj
 0001:0000f850       _setlocale                 10010850 f   LIBCMTD:setlocal.obj
 0001:00010760       __expandlocale             10011760 f   LIBCMTD:setlocal.obj
 0001:00010a10       ___init_dummy              10011a10 f   LIBCMTD:setlocal.obj
 0001:00010a20       __strcats                  10011a20 f   LIBCMTD:setlocal.obj
 0001:00010aa0       ___lc_strtolc              10011aa0 f   LIBCMTD:setlocal.obj
 0001:00010ca0       ___lc_lctostr              10011ca0 f   LIBCMTD:setlocal.obj
 0001:00010d40       __CrtDefaultAllocHook      10011d40 f   LIBCMTD:dbghook.obj
 0001:00010d50       __crt_debugger_hook        10011d50 f   LIBCMTD:dbghook.obj
 0001:00010d70       _memset                    10011d70 f   LIBCMTD:memset.obj
 0001:00010df0       __mtinitlocks              10011df0 f   LIBCMTD:mlock.obj
 0001:00010e80       __mtdeletelocks            10011e80 f   LIBCMTD:mlock.obj
 0001:00010f40       __mtinitlocknum            10011f40 f   LIBCMTD:mlock.obj
 0001:00011090       __lock                     10012090 f   LIBCMTD:mlock.obj
 0001:000110d0       __unlock                   100120d0 f   LIBCMTD:mlock.obj
 0001:000110f0       __lockerr_exit             100120f0 f   LIBCMTD:mlock.obj
 0001:00011110       __CrtDbgBreak              10012110 f   LIBCMTD:dbgrptt.obj
 0001:00011120       __CrtSetReportMode         10012120 f   LIBCMTD:dbgrptt.obj
 0001:00011260       __CrtSetReportFile         10012260 f   LIBCMTD:dbgrptt.obj
 0001:00011360       __CrtSetReportHook         10012360 f   LIBCMTD:dbgrptt.obj
 0001:00011380       __CrtGetReportHook         10012380 f   LIBCMTD:dbgrptt.obj
 0001:00011390       __VCrtDbgReportA           10012390 f   LIBCMTD:dbgrptt.obj
 0001:00011bc0       __VCrtDbgReportW           10012bc0 f   LIBCMTD:dbgrptt.obj
 0001:000124f0       __initp_misc_winsig        100134f0 f   LIBCMTD:winsig.obj
 0001:00012520       _signal                    10013520 f   LIBCMTD:winsig.obj
 0001:000129c0       _raise                     100139c0 f   LIBCMTD:winsig.obj
 0001:00012d30       ___get_sigabrt             10013d30 f   LIBCMTD:winsig.obj
 0001:00012d50       ___fpecode                 10013d50 f   LIBCMTD:winsig.obj
 0001:00012d60       ___pxcptinfoptrs           10013d60 f   LIBCMTD:winsig.obj
 0001:00012d70       ___crtMessageBoxW          10013d70 f   LIBCMTD:crtmboxw.obj
 0001:00012f90       __swprintf                 10013f90 f   LIBCMTD:swprintf.obj
 0001:00013160       ___swprintf_l              10014160 f   LIBCMTD:swprintf.obj
 0001:00013190       _swprintf_s                10014190 f   LIBCMTD:swprintf.obj
 0001:000131c0       __snwprintf_s              100141c0 f   LIBCMTD:swprintf.obj
 0001:000131f0       __swprintf_p               100141f0 f   LIBCMTD:swprintf.obj
 0001:00013220       __swprintf_s_l             10014220 f   LIBCMTD:swprintf.obj
 0001:00013250       __snwprintf_s_l            10014250 f   LIBCMTD:swprintf.obj
 0001:00013280       __swprintf_p_l             10014280 f   LIBCMTD:swprintf.obj
 0001:000132b0       __scwprintf                100142b0 f   LIBCMTD:swprintf.obj
 0001:000132d0       __scwprintf_p              100142d0 f   LIBCMTD:swprintf.obj
 0001:000132f0       __scwprintf_l              100142f0 f   LIBCMTD:swprintf.obj
 0001:00013320       __scwprintf_p_l            10014320 f   LIBCMTD:swprintf.obj
 0001:00013350       _memcpy_s                  10014350 f   LIBCMTD:memcpy_s.obj
 0001:000134e0       _wcslen                    100144e0 f   LIBCMTD:wcslen.obj
 0001:00013510       _wcscpy_s                  10014510 f   LIBCMTD:wcscpy_s.obj
 0001:000137f0       __alloca_probe             100147f0     LIBCMTD:chkstk.obj
 0001:000137f0       __chkstk                   100147f0 f   LIBCMTD:chkstk.obj
 0001:00013820       __validate_param_reuseA    10014820 f   LIBCMTD:outputp.obj
 0001:00013a90       __output_p_l               10014a90 f   LIBCMTD:outputp.obj
 0001:00017650       _get_crtdouble_arg         10018650 f i LIBCMTD:outputp.obj
 0001:00017670       __output_s_l               10018670 f   LIBCMTD:outputs.obj
 0001:00018c00       __controlfp_s              10019c00 f   LIBCMTD:_contrlfp_.obj
 0001:00018ce0       __isalpha_l                10019ce0 f i LIBCMTD:_ctype.obj
 0001:00018d70       _isalpha                   10019d70 f i LIBCMTD:_ctype.obj
 0001:00018db0       __isupper_l                10019db0 f i LIBCMTD:_ctype.obj
 0001:00018e30       _isupper                   10019e30 f i LIBCMTD:_ctype.obj
 0001:00018e60       __islower_l                10019e60 f i LIBCMTD:_ctype.obj
 0001:00018ee0       _islower                   10019ee0 f i LIBCMTD:_ctype.obj
 0001:00018f10       __isdigit_l                10019f10 f i LIBCMTD:_ctype.obj
 0001:00018f90       _isdigit                   10019f90 f i LIBCMTD:_ctype.obj
 0001:00018fc0       __isxdigit_l               10019fc0 f i LIBCMTD:_ctype.obj
 0001:00019050       _isxdigit                  1001a050 f i LIBCMTD:_ctype.obj
 0001:00019090       __isspace_l                1001a090 f i LIBCMTD:_ctype.obj
 0001:00019110       _isspace                   1001a110 f i LIBCMTD:_ctype.obj
 0001:00019140       __ispunct_l                1001a140 f i LIBCMTD:_ctype.obj
 0001:000191c0       _ispunct                   1001a1c0 f i LIBCMTD:_ctype.obj
 0001:000191f0       __isalnum_l                1001a1f0 f i LIBCMTD:_ctype.obj
 0001:00019280       _isalnum                   1001a280 f i LIBCMTD:_ctype.obj
 0001:000192c0       __isprint_l                1001a2c0 f i LIBCMTD:_ctype.obj
 0001:00019350       _isprint                   1001a350 f i LIBCMTD:_ctype.obj
 0001:00019390       __isgraph_l                1001a390 f i LIBCMTD:_ctype.obj
 0001:00019420       _isgraph                   1001a420 f i LIBCMTD:_ctype.obj
 0001:00019460       __iscntrl_l                1001a460 f i LIBCMTD:_ctype.obj
 0001:000194e0       _iscntrl                   1001a4e0 f i LIBCMTD:_ctype.obj
 0001:00019510       ___isascii                 1001a510 f i LIBCMTD:_ctype.obj
 0001:00019530       ___toascii                 1001a530 f i LIBCMTD:_ctype.obj
 0001:00019540       __iscsymf_l                1001a540 f i LIBCMTD:_ctype.obj
 0001:00019580       ___iscsymf                 1001a580 f i LIBCMTD:_ctype.obj
 0001:000195c0       __iscsym_l                 1001a5c0 f i LIBCMTD:_ctype.obj
 0001:00019600       ___iscsym                  1001a600 f i LIBCMTD:_ctype.obj
 0001:00019640       __tolower                  1001a640 f   LIBCMTD:tolower.obj
 0001:00019650       __tolower_l                1001a650 f   LIBCMTD:tolower.obj
 0001:00019830       _tolower                   1001a830 f   LIBCMTD:tolower.obj
 0001:00019880       __atodbl_l                 1001a880 f   LIBCMTD:atodbl.obj
 0001:00019990       __atodbl                   1001a990 f   LIBCMTD:atodbl.obj
 0001:000199b0       __atoldbl_l                1001a9b0 f   LIBCMTD:atodbl.obj
 0001:00019ac0       __atoldbl                  1001aac0 f   LIBCMTD:atodbl.obj
 0001:00019ae0       __atoflt_l                 1001aae0 f   LIBCMTD:atodbl.obj
 0001:00019bf0       __atoflt                   1001abf0 f   LIBCMTD:atodbl.obj
 0001:00019c10       __fptostr                  1001ac10 f   LIBCMTD:_fptostr.obj
 0001:00019ec0       __fltout2                  1001aec0 f   LIBCMTD:_cfout_.obj
 0001:00019f70       ___dtold                   1001af70 f   LIBCMTD:_cfout_.obj
 0001:0001a0d0       _memmove                   1001b0d0 f   LIBCMTD:memmove.obj
 0001:0001a440       __set_output_format        1001b440 f   LIBCMTD:outputformat.obj
 0001:0001a4c0       __get_output_format        1001b4c0 f   LIBCMTD:outputformat.obj
 0001:0001a4d0       _strcpy_s                  1001b4d0 f   LIBCMTD:strcpy_s.obj
 0001:0001a7b0       __allrem                   1001b7b0 f   LIBCMTD:llrem.obj
 0001:0001a870       __alldiv                   1001b870 f   LIBCMTD:lldiv.obj
 0001:0001a920       __allshl                   1001b920 f   LIBCMTD:llshl.obj
 0001:0001a940       __aullshr                  1001b940 f   LIBCMTD:ullshr.obj
 0001:0001a960       _strrchr                   1001b960 f   LIBCMTD:strrchr.obj
 0001:0001a990       __fptrap                   1001b990 f   LIBCMTD:crt0fp.obj
 0001:0001a9b0       __initp_heap_handler       1001b9b0 f   LIBCMTD:handler.obj
 0001:0001a9c0       ?_set_new_handler@@YAP6AHI@ZP6AHI@Z@Z 1001b9c0 f   LIBCMTD:handler.obj
 0001:0001aa10       ?_set_new_handler@@YAP6AHI@ZH@Z 1001ba10 f   LIBCMTD:handler.obj
 0001:0001aa50       ?_query_new_handler@@YAP6AHI@ZXZ 1001ba50 f   LIBCMTD:handler.obj
 0001:0001aa70       __callnewh                 1001ba70 f   LIBCMTD:handler.obj
 0001:0001aab0       _V6_HeapAlloc              1001bab0 f   LIBCMTD:malloc.obj
 0001:0001ab50       __malloc_base              1001bb50 f   LIBCMTD:malloc.obj
 0001:0001abe0       __heap_alloc_base          1001bbe0 f i LIBCMTD:malloc.obj
 0001:0001aca0       __CrtSetReportHook2        1001bca0 f   LIBCMTD:dbgrpt.obj
 0001:0001afc0       __CrtDbgReport             1001bfc0 f   LIBCMTD:dbgrpt.obj
 0001:0001b000       __CrtDbgReportV            1001c000 f i LIBCMTD:dbgrpt.obj
 0001:0001b030       ___crtMessageWindowA       1001c030 f   LIBCMTD:dbgrpt.obj
 0001:0001b430       __expand_base              1001c430 f   LIBCMTD:expand.obj
 0001:0001b700       __realloc_base             1001c700 f   LIBCMTD:realloc.obj
 0001:0001baa0       __free_base                1001caa0 f   LIBCMTD:free.obj
 0001:0001bbd0       __heapchk                  1001cbd0 f   LIBCMTD:heapchk.obj
 0001:0001bca0       __heapset                  1001cca0 f   LIBCMTD:heapchk.obj
 0001:0001bcb0       __get_sbh_threshold        1001ccb0 f   LIBCMTD:sbheap.obj
 0001:0001bd00       __set_sbh_threshold        1001cd00 f   LIBCMTD:sbheap.obj
 0001:0001be90       __set_amblksiz             1001ce90 f   LIBCMTD:sbheap.obj
 0001:0001bfa0       __get_amblksiz             1001cfa0 f   LIBCMTD:sbheap.obj
 0001:0001c090       ___sbh_heap_init           1001d090 f   LIBCMTD:sbheap.obj
 0001:0001c100       ___sbh_find_block          1001d100 f   LIBCMTD:sbheap.obj
 0001:0001c160       ___sbh_verify_block        1001d160 f   LIBCMTD:sbheap.obj
 0001:0001c1c0       ___sbh_free_block          1001d1c0 f   LIBCMTD:sbheap.obj
 0001:0001c780       ___sbh_alloc_block         1001d780 f   LIBCMTD:sbheap.obj
 0001:0001cca0       ___sbh_alloc_new_region    1001dca0 f   LIBCMTD:sbheap.obj
 0001:0001cdb0       ___sbh_alloc_new_group     1001ddb0 f   LIBCMTD:sbheap.obj
 0001:0001cfa0       ___sbh_resize_block        1001dfa0 f   LIBCMTD:sbheap.obj
 0001:0001d570       ___sbh_heapmin             1001e570 f   LIBCMTD:sbheap.obj
 0001:0001d6a0       ___sbh_heap_check          1001e6a0 f   LIBCMTD:sbheap.obj
 0001:0001db90       __chvalidator              1001eb90 f   LIBCMTD:isctype.obj
 0001:0001dbe0       __chvalidator_l            1001ebe0 f   LIBCMTD:isctype.obj
 0001:0001dc90       __isctype_l                1001ec90 f   LIBCMTD:isctype.obj
 0001:0001ddb0       __isctype                  1001edb0 f   LIBCMTD:isctype.obj
 0001:0001ddf0       _memcpy                    1001edf0 f   LIBCMTD:memcpy.obj
 0001:0001e160       __onexit                   1001f160 f   LIBCMTD:onexit.obj
 0001:0001e330       _atexit                    1001f330 f   LIBCMTD:onexit.obj
 0001:0001e350       ___onexitinit              1001f350 f   LIBCMTD:onexit.obj
 0001:0001e3b0       __ValidateImageBase        1001f3b0 f   LIBCMTD:pesect.obj
 0001:0001e410       __FindPESection            1001f410 f   LIBCMTD:pesect.obj
 0001:0001e490       __IsNonwritableInCurrentImage 1001f490 f   LIBCMTD:pesect.obj
 0001:0001e5b0       __FF_MSGBANNER             1001f5b0 f   LIBCMTD:crt0msg.obj
 0001:0001e600       __NMSG_WRITE               1001f600 f   LIBCMTD:crt0msg.obj
 0001:0001e8a0       __GET_RTERRMSG             1001f8a0 f   LIBCMTD:crt0msg.obj
 0001:0001e8f0       __initp_eh_hooks           1001f8f0 f   LIBCMTD:hooks.obj
 0001:0001e910       ?terminate@@YAXXZ          1001f910 f   LIBCMTD:hooks.obj
 0001:0001e990       ?unexpected@@YAXXZ         1001f990 f   LIBCMTD:hooks.obj
 0001:0001e9c0       ?_inconsistency@@YAXXZ     1001f9c0 f   LIBCMTD:hooks.obj
 0001:0001ea50       __initp_misc_rand_s        1001fa50 f   LIBCMTD:rand_s.obj
 0001:0001ea60       _rand_s                    1001fa60 f   LIBCMTD:rand_s.obj
 0001:0001ec80       ___getlocaleinfo           1001fc80 f   LIBCMTD:inithelp.obj
 0001:0001ef20       __initp_misc_purevirt      1001ff20 f   LIBCMTD:inithelp.obj
 0001:0001ef30       __initp_misc_initcrit      1001ff30 f   LIBCMTD:initcrit.obj
 0001:0001ef40       ___crtInitCritSecAndSpinCount 1001ff40 f   LIBCMTD:initcrit.obj
 0001:0001eff0       __ismbbkalnum_l            1001fff0 f   LIBCMTD:ismbbyte.obj
 0001:0001f010       __ismbbkalnum              10020010 f   LIBCMTD:ismbbyte.obj
 0001:0001f030       __ismbbkprint_l            10020030 f   LIBCMTD:ismbbyte.obj
 0001:0001f050       __ismbbkprint              10020050 f   LIBCMTD:ismbbyte.obj
 0001:0001f070       __ismbbkpunct_l            10020070 f   LIBCMTD:ismbbyte.obj
 0001:0001f090       __ismbbkpunct              10020090 f   LIBCMTD:ismbbyte.obj
 0001:0001f0b0       __ismbbalnum_l             100200b0 f   LIBCMTD:ismbbyte.obj
 0001:0001f0d0       __ismbbalnum               100200d0 f   LIBCMTD:ismbbyte.obj
 0001:0001f0f0       __ismbbalpha_l             100200f0 f   LIBCMTD:ismbbyte.obj
 0001:0001f110       __ismbbalpha               10020110 f   LIBCMTD:ismbbyte.obj
 0001:0001f130       __ismbbgraph_l             10020130 f   LIBCMTD:ismbbyte.obj
 0001:0001f150       __ismbbgraph               10020150 f   LIBCMTD:ismbbyte.obj
 0001:0001f170       __ismbbprint_l             10020170 f   LIBCMTD:ismbbyte.obj
 0001:0001f190       __ismbbprint               10020190 f   LIBCMTD:ismbbyte.obj
 0001:0001f1b0       __ismbbpunct_l             100201b0 f   LIBCMTD:ismbbyte.obj
 0001:0001f1d0       __ismbbpunct               100201d0 f   LIBCMTD:ismbbyte.obj
 0001:0001f1f0       __ismbblead_l              100201f0 f   LIBCMTD:ismbbyte.obj
 0001:0001f210       __ismbblead                10020210 f   LIBCMTD:ismbbyte.obj
 0001:0001f230       __ismbbtrail_l             10020230 f   LIBCMTD:ismbbyte.obj
 0001:0001f250       __ismbbtrail               10020250 f   LIBCMTD:ismbbyte.obj
 0001:0001f270       __ismbbkana_l              10020270 f   LIBCMTD:ismbbyte.obj
 0001:0001f2e0       __ismbbkana                100202e0 f   LIBCMTD:ismbbyte.obj
 0001:0001f3c4       __local_unwind4            100203c4 f   LIBCMTD:exsup4.obj
 0001:0001f49a       __seh_longjmp_unwind4@4    1002049a f   LIBCMTD:exsup4.obj
 0001:0001f4b6       @_EH4_CallFilterFunc@8     100204b6 f   LIBCMTD:exsup4.obj
 0001:0001f4cd       @_EH4_TransferToHandler@8  100204cd f   LIBCMTD:exsup4.obj
 0001:0001f4e6       @_EH4_GlobalUnwind@4       100204e6 f   LIBCMTD:exsup4.obj
 0001:0001f500       @_EH4_LocalUnwind@16       10020500 f   LIBCMTD:exsup4.obj
 0001:0001f520       __alloc_osfhnd             10020520 f   LIBCMTD:osfinfo.obj
 0001:0001f7d0       __set_osfhnd               100207d0 f   LIBCMTD:osfinfo.obj
 0001:0001f8a0       __free_osfhnd              100208a0 f   LIBCMTD:osfinfo.obj
 0001:0001f990       __get_osfhandle            10020990 f   LIBCMTD:osfinfo.obj
 0001:0001fb00       __open_osfhandle           10020b00 f   LIBCMTD:osfinfo.obj
 0001:0001fd30       ___lock_fhandle            10020d30 f   LIBCMTD:osfinfo.obj
 0001:0001fe30       __unlock_fhandle           10020e30 f   LIBCMTD:osfinfo.obj
 0001:0001fe60       __putwch                   10020e60 f   LIBCMTD:putwch.obj
 0001:0001fef0       __putwch_nolock            10020ef0 f   LIBCMTD:putwch.obj
 0001:0001fff0       __cputws                   10020ff0 f   LIBCMTD:putwch.obj
 0001:00020140       __mbtowc_l                 10021140 f   LIBCMTD:mbtowc.obj
 0001:00020360       _mbtowc                    10021360 f   LIBCMTD:mbtowc.obj
 0001:00020380       _DebuggerKnownHandle       10021380 f   LIBCMTD:_error_.obj
 0001:00020440       ?_RTC_Failure@@YAXPAXH@Z   10021440 f   LIBCMTD:_error_.obj
 0001:00020750       ?_RTC_StackFailure@@YAXPAXPBD@Z 10021750 f   LIBCMTD:_error_.obj
 0001:00020850       ?_RTC_AllocaFailure@@YAXPAXPAU_RTC_ALLOCA_NODE@@H@Z 10021850 f   LIBCMTD:_error_.obj
 0001:00020a00       __RTC_UninitUse            10021a00 f   LIBCMTD:_error_.obj
 0001:00020af0       __fcloseall                10021af0 f   LIBCMTD:closeall.obj
 0001:00020c20       _fflush                    10021c20 f   LIBCMTD:fflush.obj
 0001:00020cc0       __fflush_nolock            10021cc0 f   LIBCMTD:fflush.obj
 0001:00020d20       __flush                    10021d20 f   LIBCMTD:fflush.obj
 0001:00020de0       __flushall                 10021de0 f   LIBCMTD:fflush.obj
 0001:00020fb0       __stbuf                    10021fb0 f   LIBCMTD:_sftbuf.obj
 0001:00021110       __ftbuf                    10022110 f   LIBCMTD:_sftbuf.obj
 0001:000211a0       _vprintf_helper            100221a0 f   LIBCMTD:vprintf.obj
 0001:000212c0       __vprintf_l                100222c0 f   LIBCMTD:vprintf.obj
 0001:000212e0       __vprintf_s_l              100222e0 f   LIBCMTD:vprintf.obj
 0001:00021300       __vprintf_p_l              10022300 f   LIBCMTD:vprintf.obj
 0001:00021320       _vprintf                   10022320 f   LIBCMTD:vprintf.obj
 0001:00021340       _vprintf_s                 10022340 f   LIBCMTD:vprintf.obj
 0001:00021360       __vprintf_p                10022360 f   LIBCMTD:vprintf.obj
 0001:00021380       ___init_ctype              10022380 f   LIBCMTD:initctyp.obj
 0001:00021930       ____mb_cur_max_func        10022930 f   LIBCMTD:initctyp.obj
 0001:00021980       ____mb_cur_max_l_func      10022980 f   LIBCMTD:initctyp.obj
 0001:000219b0       ____lc_codepage_func       100229b0 f   LIBCMTD:initctyp.obj
 0001:00021a00       ____lc_collate_cp_func     10022a00 f   LIBCMTD:initctyp.obj
 0001:00021a50       ____lc_handle_func         10022a50 f   LIBCMTD:initctyp.obj
 0001:00021aa0       __iswctype_l               10022aa0 f   LIBCMTD:iswctype.obj
 0001:00021b50       _iswctype                  10022b50 f   LIBCMTD:iswctype.obj
 0001:00021be0       _is_wctype                 10022be0 f   LIBCMTD:iswctype.obj
 0001:00021c00       ?_JumpToContinuation@@YGXPAXPAUEHRegistrationNode@@@Z 10022c00 f   LIBCMTD:_trnsctrl_.obj
 0001:00021c40       ?_CallMemberFunction0@@YGXPAX0@Z 10022c40 f   LIBCMTD:_trnsctrl_.obj
 0001:00021c50       ?_CallMemberFunction1@@YGXPAX00@Z 10022c50 f   LIBCMTD:_trnsctrl_.obj
 0001:00021c60       ?_CallMemberFunction2@@YGXPAX00H@Z 10022c60 f   LIBCMTD:_trnsctrl_.obj
 0001:00021c70       ?_UnwindNestedFrames@@YGXPAUEHRegistrationNode@@PAUEHExceptionRecord@@@Z 10022c70 f   LIBCMTD:_trnsctrl_.obj
 0001:00021cd0       ___CxxFrameHandler         10022cd0 f   LIBCMTD:_trnsctrl_.obj
 0001:00021d10       ___CxxFrameHandler3        10022d10 f   LIBCMTD:_trnsctrl_.obj
 0001:00021d50       ___CxxFrameHandler2        10022d50 f   LIBCMTD:_trnsctrl_.obj
 0001:00021d90       ___CxxLongjmpUnwind@4      10022d90 f   LIBCMTD:_trnsctrl_.obj
 0001:00021dc0       ?_CallCatchBlock2@@YAPAXPAUEHRegistrationNode@@PBU_s_FuncInfo@@PAXHK@Z 10022dc0 f   LIBCMTD:_trnsctrl_.obj
 0001:00021e80       ?_CallSETranslator@@YAHPAUEHExceptionRecord@@PAUEHRegistrationNode@@PAX2PBU_s_FuncInfo@@H1@Z 10022e80 f   LIBCMTD:_trnsctrl_.obj
 0001:00022020       ?_GetRangeOfTrysToCheck@@YAPBU_s_TryBlockMapEntry@@PBU_s_FuncInfo@@HHPAI1@Z 10023020 f   LIBCMTD:_trnsctrl_.obj
 0001:000220a0       __CreateFrameInfo          100230a0 f   LIBCMTD:_trnsctrl_.obj
 0001:000220d0       __IsExceptionObjectToBeDestroyed 100230d0 f   LIBCMTD:_trnsctrl_.obj
 0001:00022100       __FindAndUnlinkFrame       10023100 f   LIBCMTD:_trnsctrl_.obj
 0001:00022160       ___crtLCMapStringA         10023160 f   LIBCMTD:a_map.obj
 0001:000226c0       __MarkAllocaS              100236c0 f i LIBCMTD:a_map.obj
 0001:000226f0       __freea                    100236f0 f i LIBCMTD:a_map.obj
 0001:000227b0       ___crtGetStringTypeA       100237b0 f   LIBCMTD:a_str.obj
 0001:00022a40       ___pwctype_func            10023a40 f   LIBCMTD:ctype.obj
 0001:00022a50       ___pctype_func             10023a50 f   LIBCMTD:ctype.obj
 0001:00022aa0       ___init_time               10023aa0 f   LIBCMTD:inittime.obj
 0001:000231c0       ___free_lc_time            100241c0 f   LIBCMTD:inittime.obj
 0001:000234d0       ___init_numeric            100244d0 f   LIBCMTD:initnum.obj
 0001:00023830       ___free_lconv_num          10024830 f   LIBCMTD:initnum.obj
 0001:000238a0       ___init_monetary           100248a0 f   LIBCMTD:initmon.obj
 0001:00023da0       ___free_lconv_mon          10024da0 f   LIBCMTD:initmon.obj
 0001:00023e90       ___init_collate            10024e90 f   LIBCMTD:initcoll.obj
 0001:00023ea0       __Getdays_l                10024ea0 f   LIBCMTD:strftime.obj
 0001:00024060       __Getdays                  10025060 f   LIBCMTD:strftime.obj
 0001:00024080       __Getmonths_l              10025080 f   LIBCMTD:strftime.obj
 0001:00024240       __Getmonths                10025240 f   LIBCMTD:strftime.obj
 0001:00024260       __Gettnames_l              10025260 f   LIBCMTD:strftime.obj
 0001:000247d0       __Gettnames                100257d0 f   LIBCMTD:strftime.obj
 0001:000247f0       __strftime_l               100257f0 f   LIBCMTD:strftime.obj
 0001:00024820       _strftime                  10025820 f   LIBCMTD:strftime.obj
 0001:00024850       __Strftime                 10025850 f   LIBCMTD:strftime.obj
 0001:00024880       __Strftime_l               10025880 f   LIBCMTD:strftime.obj
 0001:00026690       _localeconv                10027690 f   LIBCMTD:lconv.obj
 0001:000266e0       _strcmp                    100276e0 f   LIBCMTD:strcmp.obj
 0001:00026770       _strncpy_s                 10027770 f   LIBCMTD:strncpy_s.obj
 0001:00026b60       _strcspn                   10027b60 f   LIBCMTD:strcspn.obj
 0001:00026bb0       _strncmp                   10027bb0 f   LIBCMTD:strncmp.obj
 0001:00026d30       _strpbrk                   10027d30 f   LIBCMTD:strpbrk.obj
 0001:00026d70       _memcmp                    10027d70 f   LIBCMTD:memcmp.obj
 0001:000277e0       _strcat_s                  100287e0 f   LIBCMTD:strcat_s.obj
 0001:00027bc0       ___get_qualified_locale    10028bc0 f   LIBCMTD:getqloc.obj
 0001:00028a60       __VEC_memzero              10029a60 f   LIBCMTD:p4_memset.obj
 0001:00028b50       __mbstowcs_l_helper        10029b50 f   LIBCMTD:mbstowcs.obj
 0001:00028ea0       __mbstowcs_l               10029ea0 f   LIBCMTD:mbstowcs.obj
 0001:00028ec0       _mbstowcs                  10029ec0 f   LIBCMTD:mbstowcs.obj
 0001:00028f10       __mbstowcs_s_l             10029f10 f   LIBCMTD:mbstowcs.obj
 0001:00029290       _mbstowcs_s                1002a290 f   LIBCMTD:mbstowcs.obj
 0001:000292c0       __itoa_s                   1002a2c0 f   LIBCMTD:xtoas.obj
 0001:00029690       __ltoa_s                   1002a690 f   LIBCMTD:xtoas.obj
 0001:000296d0       __ultoa_s                  1002a6d0 f   LIBCMTD:xtoas.obj
 0001:000296f0       __i64toa_s                 1002a6f0 f   LIBCMTD:xtoas.obj
 0001:00029af0       __ui64toa_s                1002aaf0 f   LIBCMTD:xtoas.obj
 0001:00029b10       __wcstombs_l_helper        1002ab10 f   LIBCMTD:wcstombs.obj
 0001:0002a000       __wcstombs_l               1002b000 f   LIBCMTD:wcstombs.obj
 0001:0002a020       _wcstombs                  1002b020 f   LIBCMTD:wcstombs.obj
 0001:0002a040       __wcstombs_s_l             1002b040 f   LIBCMTD:wcstombs.obj
 0001:0002a370       _wcstombs_s                1002b370 f   LIBCMTD:wcstombs.obj
 0001:0002a3a0       _wcscat_s                  1002b3a0 f   LIBCMTD:wcscat_s.obj
 0001:0002a790       __vswprintf_helper         1002b790 f   LIBCMTD:vswprnc.obj
 0001:0002a9c0       __vswprintf_c              1002b9c0 f   LIBCMTD:vswprnc.obj
 0001:0002aa10       __vswprintf_c_l            1002ba10 f   LIBCMTD:vswprnc.obj
 0001:0002aa60       __vswprintf_s_l            1002ba60 f   LIBCMTD:vswprnc.obj
 0001:0002acd0       _vswprintf_s               1002bcd0 f   LIBCMTD:vswprnc.obj
 0001:0002ad00       __vsnwprintf_s_l           1002bd00 f   LIBCMTD:vswprnc.obj
 0001:0002b0b0       __vsnwprintf_s             1002c0b0 f   LIBCMTD:vswprnc.obj
 0001:0002b0e0       __vswprintf_p              1002c0e0 f   LIBCMTD:vswprnc.obj
 0001:0002b130       __vswprintf_p_l            1002c130 f   LIBCMTD:vswprnc.obj
 0001:0002b180       __itow_s                   1002c180 f   LIBCMTD:xtows.obj
 0001:0002b560       __ltow_s                   1002c560 f   LIBCMTD:xtows.obj
 0001:0002b5a0       __ultow_s                  1002c5a0 f   LIBCMTD:xtows.obj
 0001:0002b5c0       __i64tow_s                 1002c5c0 f   LIBCMTD:xtows.obj
 0001:0002b9e0       __ui64tow_s                1002c9e0 f   LIBCMTD:xtows.obj
 0001:0002ba00       __woutput_l                1002ca00 f   LIBCMTD:woutput.obj
 0001:0002cbd0       __vswprintf_l              1002dbd0 f   LIBCMTD:vswprint.obj
 0001:0002cda0       __vswprintf                1002dda0 f   LIBCMTD:vswprint.obj
 0001:0002cdc0       ___vswprintf_l             1002ddc0 f   LIBCMTD:vswprint.obj
 0001:0002cde0       __vscwprintf_helper        1002dde0 f   LIBCMTD:vswprint.obj
 0001:0002cea0       __vscwprintf               1002dea0 f   LIBCMTD:vswprint.obj
 0001:0002cec0       __vscwprintf_l             1002dec0 f   LIBCMTD:vswprint.obj
 0001:0002cee0       __vscwprintf_p             1002dee0 f   LIBCMTD:vswprint.obj
 0001:0002cf00       __vscwprintf_p_l           1002df00 f   LIBCMTD:vswprint.obj
 0001:0002cf20       _strtol                    1002df20 f   LIBCMTD:strtol.obj
 0001:0002d450       __strtol_l                 1002e450 f   LIBCMTD:strtol.obj
 0001:0002d480       _strtoul                   1002e480 f   LIBCMTD:strtol.obj
 0001:0002d4d0       __strtoul_l                1002e4d0 f   LIBCMTD:strtol.obj
 0001:0002d500       __statusfp2                1002e500 f   LIBCMTD:_ieee87_.obj
 0001:0002d540       __statusfp                 1002e540 f   LIBCMTD:_ieee87_.obj
 0001:0002d590       __clearfp                  1002e590 f   LIBCMTD:_ieee87_.obj
 0001:0002d5e0       ___control87_2             1002e5e0 f   LIBCMTD:_ieee87_.obj
 0001:0002d690       __controlfp                1002e690 f   LIBCMTD:_ieee87_.obj
 0001:0002d6b0       __control87                1002e6b0 f i LIBCMTD:_ieee87_.obj
 0001:0002d760       __set_controlfp            1002e760 f   LIBCMTD:_ieee87_.obj
 0001:0002d7f0       __fpreset                  1002e7f0 f   LIBCMTD:_ieee87_.obj
 0001:0002dfb0       __ld12tod                  1002efb0 f   LIBCMTD:_intrncvt_.obj
 0001:0002dfd0       __ld12cvt                  1002efd0 f i LIBCMTD:_intrncvt_.obj
 0001:0002e220       __RoundMan                 1002f220 f i LIBCMTD:_intrncvt_.obj
 0001:0002e300       __ZeroTail                 1002f300 f i LIBCMTD:_intrncvt_.obj
 0001:0002e390       __IncMan                   1002f390 f i LIBCMTD:_intrncvt_.obj
 0001:0002e440       ___addl                    1002f440 f i LIBCMTD:_intrncvt_.obj
 0001:0002e480       __CopyMan                  1002f480 f i LIBCMTD:_intrncvt_.obj
 0001:0002e4d0       __FillZeroMan              1002f4d0 f i LIBCMTD:_intrncvt_.obj
 0001:0002e510       __IsZeroMan                1002f510 f i LIBCMTD:_intrncvt_.obj
 0001:0002e550       __ShrMan                   1002f550 f i LIBCMTD:_intrncvt_.obj
 0001:0002e640       __ld12tof                  1002f640 f   LIBCMTD:_intrncvt_.obj
 0001:0002e660       __ld12told                 1002f660 f   LIBCMTD:_intrncvt_.obj
 0001:0002e710       ___strgtold12_l            1002f710 f   LIBCMTD:_strgtold_.obj
 0001:0002f1c0       ___multtenpow12            100301c0 f i LIBCMTD:_strgtold_.obj
 0001:0002f2a0       ___ld12mul                 100302a0 f i LIBCMTD:_strgtold_.obj
 0001:0002f6a0       ___shl_12                  100306a0 f i LIBCMTD:_strgtold_.obj
 0001:0002f710       ___shr_12                  10030710 f i LIBCMTD:_strgtold_.obj
 0001:0002f780       ___STRINGTOLD_L            10030780 f   LIBCMTD:_strgtold_.obj
 0001:0002f7f0       _$I10_OUTPUT               100307f0 f   LIBCMTD:_x10fout_.obj
 0001:0002fda0       ___add_12                  10030da0 f i LIBCMTD:_x10fout_.obj
 0001:0002fe50       __VEC_memcpy               10030e50 f   LIBCMTD:p4_memcpy.obj
 0001:0002ffd0       ___crtMessageBoxA          10030fd0 f   LIBCMTD:crtmbox.obj
 0001:000301f0       __set_error_mode           100311f0 f   LIBCMTD:errmode.obj
 0001:000302b0       ___set_app_type            100312b0 f   LIBCMTD:errmode.obj
 0001:000302c0       ___get_app_type            100312c0 f   LIBCMTD:errmode.obj
 0001:000302d0       _abort                     100312d0 f   LIBCMTD:abort.obj
 0001:00030410       __set_abort_behavior       10031410 f   LIBCMTD:abort.obj
 0001:00030440       ___crtGetLocaleInfoW       10031440 f   LIBCMTD:w_loc.obj
 0001:000304b0       ___crtGetLocaleInfoA       100314b0 f   LIBCMTD:a_loc.obj
 0001:00030688       __global_unwind2           10031688 f   LIBCMTD:exsup.obj
 0001:000306ed       __local_unwind2            100316ed f   LIBCMTD:exsup.obj
 0001:00030771       __abnormal_termination     10031771 f   LIBCMTD:exsup.obj
 0001:00030794       __NLG_Notify1              10031794 f   LIBCMTD:exsup.obj
 0001:0003079d       __NLG_Notify               1003179d f   LIBCMTD:exsup.obj
 0001:000307b4       __NLG_Dispatch2            100317b4     LIBCMTD:exsup.obj
 0001:000307b4       __NLG_Dispatch             100317b4     LIBCMTD:exsup.obj
 0001:000307bc       __NLG_Call                 100317bc f   LIBCMTD:exsup.obj
 0001:000307be       __NLG_Return2              100317be     LIBCMTD:exsup.obj
 0001:000307c0       ___initconin               100317c0 f   LIBCMTD:initcon.obj
 0001:000307f0       ___initconout              100317f0 f   LIBCMTD:initcon.obj
 0001:00030820       ___termcon                 10031820 f   LIBCMTD:initcon.obj
 0001:00030870       ?_RTC_GetSrcLine@@YAHPAEPA_WKPAH1K@Z 10031870 f   LIBCMTD:_pdblkup_.obj
 0001:00030d10       __RTC_NumErrors            10031d10 f   LIBCMTD:_userapi_.obj
 0001:00030d20       __RTC_GetErrDesc           10031d20 f   LIBCMTD:_userapi_.obj
 0001:00030d40       __RTC_SetErrorType         10031d40 f   LIBCMTD:_userapi_.obj
 0001:00030d70       __RTC_SetErrorFunc         10031d70 f   LIBCMTD:_userapi_.obj
 0001:00030d90       __RTC_SetErrorFuncW        10031d90 f   LIBCMTD:_userapi_.obj
 0001:00030db0       ?_RTC_GetErrorFunc@@YAP6AHHPBDH00ZZPBX@Z 10031db0 f   LIBCMTD:_userapi_.obj
 0001:00030dc0       ?_RTC_GetErrorFuncW@@YAP6AHHPB_WH00ZZPBX@Z 10031dc0 f   LIBCMTD:_userapi_.obj
 0001:00030dd0       _fclose                    10031dd0 f   LIBCMTD:fclose.obj
 0001:00030ee0       __fclose_nolock            10031ee0 f   LIBCMTD:fclose.obj
 0001:00030fe0       __commit                   10031fe0 f   LIBCMTD:commit.obj
 0001:00031200       ___crtGetStringTypeW       10032200 f   LIBCMTD:w_str.obj
 0001:00031280       ___InternalCxxFrameHandler 10032280 f   LIBCMTD:frame.obj
 0001:00031880       ??0bad_exception@std@@QAE@PBD@Z 10032880 f i LIBCMTD:frame.obj
 0001:000318b0       ??1bad_exception@std@@UAE@XZ 100328b0 f i LIBCMTD:frame.obj
 0001:000318d0       ??_Gbad_exception@std@@UAEPAXI@Z 100328d0 f i LIBCMTD:frame.obj
 0001:000318d0       ??_Ebad_exception@std@@UAEPAXI@Z 100328d0 f i LIBCMTD:frame.obj
 0001:00031900       ??0bad_exception@std@@QAE@ABV01@@Z 10032900 f i LIBCMTD:frame.obj
 0001:00031ab0       ___TypeMatch               10032ab0 f   LIBCMTD:frame.obj
 0001:00031b60       ___FrameUnwindFilter       10032b60 f   LIBCMTD:frame.obj
 0001:00031be0       ___FrameUnwindToState      10032be0 f   LIBCMTD:frame.obj
 0001:00032120       ___BuildCatchObjectHelper  10033120 f   LIBCMTD:frame.obj
 0001:00032390       ___BuildCatchObject        10033390 f   LIBCMTD:frame.obj
 0001:000324a0       ___DestructExceptionObject 100334a0 f   LIBCMTD:frame.obj
 0001:00032550       ___AdjustPointer           10033550 f   LIBCMTD:frame.obj
 0001:000325a0       ?__uncaught_exception@@YA_NXZ 100335a0 f   LIBCMTD:frame.obj
 0001:000325c0       ___CxxExceptionFilter      100335c0 f   LIBCMTD:frame.obj
 0001:000327b0       ___CxxRegisterExceptionObject 100337b0 f   LIBCMTD:frame.obj
 0001:000328e0       ___CxxDetectRethrow        100338e0 f   LIBCMTD:frame.obj
 0001:00032970       ___CxxUnregisterExceptionObject 10033970 f   LIBCMTD:frame.obj
 0001:00032af0       ___CxxQueryExceptionSize   10033af0 f   LIBCMTD:frame.obj
 0001:00032b00       ___CxxCallUnwindDtor       10033b00 f   LIBCMTD:frame.obj
 0001:00032b80       ___CxxCallUnwindDelDtor    10033b80 f   LIBCMTD:frame.obj
 0001:00032c00       ___CxxCallUnwindStdDelDtor 10033c00 f   LIBCMTD:frame.obj
 0001:00032c80       ___CxxCallUnwindVecDtor    10033c80 f   LIBCMTD:frame.obj
 0001:00032eb0       ?_is_exception_typeof@@YAHABVtype_info@@PAU_EXCEPTION_POINTERS@@@Z 10033eb0 f   LIBCMTD:frame.obj
 0001:00032f90       __CallSettingFrame@12      10033f90 f   LIBCMTD:lowhelpr.obj
 0001:00032fb7       __NLG_Return               10033fb7     LIBCMTD:lowhelpr.obj
 0001:00032fe0       _malloc                    10033fe0 f   LIBCMTD:dbgmalloc.obj
 0001:00033010       ___ansicp                  10034010 f   LIBCMTD:convrtcp.obj
 0001:00033070       ___convertcp               10034070 f   LIBCMTD:convrtcp.obj
 0001:000332c0       _free                      100342c0 f   LIBCMTD:dbgfree.obj
 0001:000332e0       __get_daylight             100342e0 f   LIBCMTD:timeset.obj
 0001:00033360       __get_dstbias              10034360 f   LIBCMTD:timeset.obj
 0001:000333e0       __get_timezone             100343e0 f   LIBCMTD:timeset.obj
 0001:00033460       __get_tzname               10034460 f   LIBCMTD:timeset.obj
 0001:00033630       ___daylight                10034630 f   LIBCMTD:timeset.obj
 0001:00033640       ___dstbias                 10034640 f   LIBCMTD:timeset.obj
 0001:00033650       ___timezone                10034650 f   LIBCMTD:timeset.obj
 0001:00033660       ___tzname                  10034660 f   LIBCMTD:timeset.obj
 0001:00033670       ___tzset                   10034670 f   LIBCMTD:tzset.obj
 0001:00033710       __tzset                    10034710 f   LIBCMTD:tzset.obj
 0001:00033cc0       __set_daylight             10034cc0 f i LIBCMTD:tzset.obj
 0001:00033ce0       __set_dstbias              10034ce0 f i LIBCMTD:tzset.obj
 0001:00033d00       __set_timezone             10034d00 f i LIBCMTD:tzset.obj
 0001:00033d20       __isindst                  10034d20 f   LIBCMTD:tzset.obj
 0001:000343d0       __stricmp_l                100353d0 f   LIBCMTD:stricmp.obj
 0001:00034580       ___ascii_stricmp           10035580 f   LIBCMTD:stricmp.obj
 0001:00034600       __stricmp                  10035600 f   LIBCMTD:stricmp.obj
 0001:00034710       __strnicmp_l               10035710 f   LIBCMTD:strnicmp.obj
 0001:00034950       __strnicmp                 10035950 f   LIBCMTD:strnicmp.obj
 0001:00034ae0       _atol                      10035ae0 f   LIBCMTD:atox.obj
 0001:00034b00       __atol_l                   10035b00 f   LIBCMTD:atox.obj
 0001:00034b20       _atoi                      10035b20 f   LIBCMTD:atox.obj
 0001:00034b40       __atoi_l                   10035b40 f   LIBCMTD:atox.obj
 0001:00034b60       __atoi64                   10035b60 f   LIBCMTD:atox.obj
 0001:00034b80       __atoi64_l                 10035b80 f   LIBCMTD:atox.obj
 0001:00034ba0       __woutput_s_l              10035ba0 f   LIBCMTD:woutputs.obj
 0001:00035ed0       __validate_param_reuseW    10036ed0 f   LIBCMTD:woutputp.obj
 0001:00036140       __woutput_p_l              10037140 f   LIBCMTD:woutputp.obj
 0001:000398a0       _fputwc                    1003a8a0 f   LIBCMTD:fputwc.obj
 0001:000399a0       __fputwc_nolock            1003a9a0 f   LIBCMTD:fputwc.obj
 0001:00039c90       _putwc                     1003ac90 f   LIBCMTD:fputwc.obj
 0001:00039cb0       __statfp                   1003acb0 f   LIBCMTD:_fpctrl_.obj
 0001:00039cd0       __clrfp                    1003acd0 f   LIBCMTD:_fpctrl_.obj
 0001:00039cf0       __ctrlfp                   1003acf0 f   LIBCMTD:_fpctrl_.obj
 0001:00039d20       __set_statfp               1003ad20 f   LIBCMTD:_fpctrl_.obj
 0001:00039d90       ___get_fpsr_sse2           1003ad90 f   LIBCMTD:_fpctrl_.obj
 0001:00039dc0       ___set_fpsr_sse2           1003adc0 f   LIBCMTD:_fpctrl_.obj
 0001:00039ea0       ___fclrf_sse2              1003aea0 f   LIBCMTD:_fpctrl_.obj
 0001:00039ec0       ___statfp_sse2             1003aec0 f   LIBCMTD:_fpctrl_.obj
 0001:00039ef0       ___clrfp_sse2              1003aef0 f   LIBCMTD:_fpctrl_.obj
 0001:00039f30       ___ctrlfp_sse2             1003af30 f   LIBCMTD:_fpctrl_.obj
 0001:00039f90       ___set_statfp_sse2         1003af90 f   LIBCMTD:_fpctrl_.obj
 0001:00039fc0       ___mtold12                 1003afc0 f   LIBCMTD:_mantold_.obj
 0001:0003a120       __close                    1003b120 f   LIBCMTD:close.obj
 0001:0003a330       __close_nolock             1003b330 f   LIBCMTD:close.obj
 0001:0003a400       __freebuf                  1003b400 f   LIBCMTD:_freebuf.obj
 0001:0003a490       ?_ValidateRead@@YAHPBXI@Z  1003b490 f   LIBCMTD:validate.obj
 0001:0003a4c0       ?_ValidateWrite@@YAHPAXI@Z 1003b4c0 f   LIBCMTD:validate.obj
 0001:0003a4f0       ?_ValidateExecute@@YAHP6GHXZ@Z 1003b4f0 f   LIBCMTD:validate.obj
 0001:0003a520       __CxxThrowException@8      1003b520 f   LIBCMTD:throw.obj
 0001:0003a580       ?name@type_info@@QBEPBDPAU__type_info_node@@@Z 1003b580 f   LIBCMTD:typinfo.obj
 0001:0003a5a0       ??1type_info@@UAE@XZ       1003b5a0 f   LIBCMTD:typinfo.obj
 0001:0003a5d0       ??_Gtype_info@@UAEPAXI@Z   1003b5d0 f i LIBCMTD:typinfo.obj
 0001:0003a5d0       ??_Etype_info@@UAEPAXI@Z   1003b5d0 f i LIBCMTD:typinfo.obj
 0001:0003a600       ?_name_internal_method@type_info@@QBEPBDPAU__type_info_node@@@Z 1003b600 f   LIBCMTD:typinfo.obj
 0001:0003a620       ?_type_info_dtor_internal_method@type_info@@QAEXXZ 1003b620 f   LIBCMTD:typinfo.obj
 0001:0003a640       ??8type_info@@QBE_NABV0@@Z 1003b640 f   LIBCMTD:typinfo.obj
 0001:0003a670       ??9type_info@@QBE_NABV0@@Z 1003b670 f   LIBCMTD:typinfo.obj
 0001:0003a6a0       ?before@type_info@@QBEHABV1@@Z 1003b6a0 f   LIBCMTD:typinfo.obj
 0001:0003a6d0       ?raw_name@type_info@@QBEPBDXZ 1003b6d0 f   LIBCMTD:typinfo.obj
 0001:0003a6f0       ??0type_info@@AAE@ABV0@@Z  1003b6f0 f   LIBCMTD:typinfo.obj
 0001:0003a710       ??4type_info@@AAEAAV0@ABV0@@Z 1003b710 f   LIBCMTD:typinfo.obj
 0001:0003a730       ??0exception@std@@QAE@XZ   1003b730 f   LIBCMTD:stdexcpt.obj
 0001:0003a760       ??_Eexception@std@@UAEPAXI@Z 1003b760 f i LIBCMTD:stdexcpt.obj
 0001:0003a760       ??_Gexception@std@@UAEPAXI@Z 1003b760 f i LIBCMTD:stdexcpt.obj
 0001:0003a790       ??0exception@std@@QAE@ABQBD@Z 1003b790 f   LIBCMTD:stdexcpt.obj
 0001:0003a820       ??0exception@std@@QAE@ABQBDH@Z 1003b820 f   LIBCMTD:stdexcpt.obj
 0001:0003a850       ??0exception@std@@QAE@ABV01@@Z 1003b850 f   LIBCMTD:stdexcpt.obj
 0001:0003a8f0       ??4exception@std@@QAEAAV01@ABV01@@Z 1003b8f0 f   LIBCMTD:stdexcpt.obj
 0001:0003a9a0       ??1exception@std@@UAE@XZ   1003b9a0 f   LIBCMTD:stdexcpt.obj
 0001:0003a9d0       ?what@exception@std@@UBEPBDXZ 1003b9d0 f   LIBCMTD:stdexcpt.obj
 0001:0003aa00       ??0bad_cast@std@@QAE@PBD@Z 1003ba00 f   LIBCMTD:stdexcpt.obj
 0001:0003aa30       ??_Ebad_cast@std@@UAEPAXI@Z 1003ba30 f i LIBCMTD:stdexcpt.obj
 0001:0003aa30       ??_Gbad_cast@std@@UAEPAXI@Z 1003ba30 f i LIBCMTD:stdexcpt.obj
 0001:0003aa60       ??0bad_cast@std@@QAE@ABV01@@Z 1003ba60 f   LIBCMTD:stdexcpt.obj
 0001:0003aa90       ??1bad_cast@std@@UAE@XZ    1003ba90 f   LIBCMTD:stdexcpt.obj
 0001:0003aab0       ??0bad_typeid@std@@QAE@PBD@Z 1003bab0 f   LIBCMTD:stdexcpt.obj
 0001:0003aae0       ??_Ebad_typeid@std@@UAEPAXI@Z 1003bae0 f i LIBCMTD:stdexcpt.obj
 0001:0003aae0       ??_Gbad_typeid@std@@UAEPAXI@Z 1003bae0 f i LIBCMTD:stdexcpt.obj
 0001:0003ab10       ??0bad_typeid@std@@QAE@ABV01@@Z 1003bb10 f   LIBCMTD:stdexcpt.obj
 0001:0003ab40       ??1bad_typeid@std@@UAE@XZ  1003bb40 f   LIBCMTD:stdexcpt.obj
 0001:0003ab60       ??0__non_rtti_object@std@@QAE@PBD@Z 1003bb60 f   LIBCMTD:stdexcpt.obj
 0001:0003ab90       ??_G__non_rtti_object@std@@UAEPAXI@Z 1003bb90 f i LIBCMTD:stdexcpt.obj
 0001:0003ab90       ??_E__non_rtti_object@std@@UAEPAXI@Z 1003bb90 f i LIBCMTD:stdexcpt.obj
 0001:0003abc0       ??0__non_rtti_object@std@@QAE@ABV01@@Z 1003bbc0 f   LIBCMTD:stdexcpt.obj
 0001:0003abf0       ??1__non_rtti_object@std@@UAE@XZ 1003bbf0 f   LIBCMTD:stdexcpt.obj
 0001:0003ac10       ??3@YAXPAX@Z               1003bc10 f   LIBCMTD:dbgdel.obj
 0001:0003ad00       _getenv                    1003bd00 f   LIBCMTD:getenv.obj
 0001:0003ae50       __getenv_helper_nolock     1003be50 f   LIBCMTD:getenv.obj
 0001:0003af70       _getenv_s                  1003bf70 f   LIBCMTD:getenv.obj
 0001:0003b1a0       __dupenv_s                 1003c1a0 f   LIBCMTD:getenv.obj
 0001:0003b1d0       __dupenv_s_dbg             1003c1d0 f   LIBCMTD:getenv.obj
 0001:0003b420       ___ascii_strnicmp          1003c420 f   LIBCMTD:_strnicm.obj
 0001:0003b490       __strtoi64                 1003c490 f   LIBCMTD:strtoq.obj
 0001:0003ba00       __strtoi64_l               1003ca00 f   LIBCMTD:strtoq.obj
 0001:0003ba30       __strtoui64                1003ca30 f   LIBCMTD:strtoq.obj
 0001:0003ba80       __strtoui64_l              1003ca80 f   LIBCMTD:strtoq.obj
 0001:0003bab0       _wcstol                    1003cab0 f   LIBCMTD:wcstol.obj
 0001:0003bf30       __wcstol_l                 1003cf30 f   LIBCMTD:wcstol.obj
 0001:0003bf60       _wcstoul                   1003cf60 f   LIBCMTD:wcstol.obj
 0001:0003bfb0       __wcstoul_l                1003cfb0 f   LIBCMTD:wcstol.obj
 0001:0003bfe0       __flswbuf                  1003cfe0 f   LIBCMTD:_flswbuf.obj
 0001:0003c2c0       ?_Type_info_dtor@type_info@@CAXPAV1@@Z 1003d2c0 f   LIBCMTD:typname.obj
 0001:0003c3d0       ?_Name_base@type_info@@CAPBDPBV1@PAU__type_info_node@@@Z 1003d3d0 f   LIBCMTD:typname.obj
 0001:0003c570       ?_Type_info_dtor_internal@type_info@@CAXPAV1@@Z 1003d570 f   LIBCMTD:typname.obj
 0001:0003c680       ___unDNameHelper           1003d680 f   LIBCMTD:typname.obj
 0001:0003c6c0       ?_Name_base_internal@type_info@@CAPBDPBV1@PAU__type_info_node@@@Z 1003d6c0 f   LIBCMTD:typname.obj
 0001:0003c880       ___clean_type_info_names_internal 1003d880 f   LIBCMTD:typname.obj
 0001:0003c940       _strnlen                   1003d940 f   LIBCMTD:strlen_s.obj
 0001:0003c980       __mbsnbicoll_l             1003d980 f   LIBCMTD:mbsnbico.obj
 0001:0003cbc0       __mbsnbicoll               1003dbc0 f   LIBCMTD:mbsnbico.obj
 0001:0003cbe0       ___wtomb_environ           1003dbe0 f   LIBCMTD:wtombenv.obj
 0001:0003ccd0       __allmul                   1003dcd0 f   LIBCMTD:llmul.obj
 0001:0003cd10       __wchartodigit             1003dd10 f   LIBCMTD:wchtodig.obj
 0001:0003d040       ___unDName                 1003e040 f   LIBCMTD:undname.obj
 0001:0003d120       ?Constructor@HeapManager@@QAEXP6APAXI@ZP6AXPAX@Z@Z 1003e120 f i LIBCMTD:undname.obj
 0001:0003d160       ?Destructor@HeapManager@@QAEXXZ 1003e160 f i LIBCMTD:undname.obj
 0001:0003d1b0       ___unDNameEx               1003e1b0 f   LIBCMTD:undname.obj
 0001:0003d290       ??0UnDecorator@@QAE@PADPBDHP6APADJ@ZK@Z 1003e290 f i LIBCMTD:undname.obj
 0001:0003d330       ??BUnDecorator@@QAEPADXZ   1003e330 f i LIBCMTD:undname.obj
 0001:0003d560       ?dbGetString@DName@@QBEPADXZ 1003e560 f   LIBCMTD:undname.obj
 0001:0003d590       ?getDecoratedName@UnDecorator@@CA?AVDName@@XZ 1003e590 f   LIBCMTD:undname.obj
 0001:0003d8a0       ?getSymbolName@UnDecorator@@CA?AVDName@@XZ 1003e8a0 f i LIBCMTD:undname.obj
 0001:0003d920       ?getZName@UnDecorator@@CA?AVDName@@_N0@Z 1003e920 f   LIBCMTD:undname.obj
 0001:0003dbc0       ?getOperatorName@UnDecorator@@CA?AVDName@@_NPA_N@Z 1003ebc0 f i LIBCMTD:undname.obj
 0001:0003e530       ?getStringEncoding@UnDecorator@@CA?AVDName@@PADH@Z 1003f530 f   LIBCMTD:undname.obj
 0001:0003e630       ?getScope@UnDecorator@@CA?AVDName@@XZ 1003f630 f   LIBCMTD:undname.obj
 0001:0003ea10       ?getSignedDimension@UnDecorator@@CA?AVDName@@XZ 1003fa10 f   LIBCMTD:undname.obj
 0001:0003ea90       ?getDimension@UnDecorator@@CA?AVDName@@_N@Z 1003fa90 f   LIBCMTD:undname.obj
 0001:0003ed40       ?getNumberOfDimensions@UnDecorator@@CAHXZ 1003fd40 f   LIBCMTD:undname.obj
 0001:0003ee40       ?getTemplateName@UnDecorator@@CA?AVDName@@_N@Z 1003fe40 f   LIBCMTD:undname.obj
 0001:0003f000       ?getTemplateArgumentList@UnDecorator@@CA?AVDName@@XZ 10040000 f   LIBCMTD:undname.obj
 0001:0003f280       ?getTemplateConstant@UnDecorator@@CA?AVDName@@XZ 10040280 f   LIBCMTD:undname.obj
 0001:0003f710       ?composeDeclaration@UnDecorator@@CA?AVDName@@ABV2@@Z 10040710 f i LIBCMTD:undname.obj
 0001:00040d10       ?getTypeEncoding@UnDecorator@@CAHXZ 10041d10 f i LIBCMTD:undname.obj
 0001:00041750       ?getBasedType@UnDecorator@@CA?AVDName@@XZ 10042750 f   LIBCMTD:undname.obj
 0001:00041810       ?getScopedName@UnDecorator@@CA?AVDName@@XZ 10042810 f   LIBCMTD:undname.obj
 0001:00041930       ?getCallingConvention@UnDecorator@@CA?AVDName@@XZ 10042930 f   LIBCMTD:undname.obj
 0001:00041a90       ?getReturnType@UnDecorator@@CA?AVDName@@PAV2@@Z 10042a90 f   LIBCMTD:undname.obj
 0001:00041ae0       ?getDataType@UnDecorator@@CA?AVDName@@PAV2@@Z 10042ae0 f   LIBCMTD:undname.obj
 0001:00041bf0       ?getPrimaryDataType@UnDecorator@@CA?AVDName@@ABV2@@Z 10042bf0 f   LIBCMTD:undname.obj
 0001:00041ea0       ?getArgumentTypes@UnDecorator@@CA?AVDName@@XZ 10042ea0 f   LIBCMTD:undname.obj
 0001:00042000       ?getArgumentList@UnDecorator@@CA?AVDName@@XZ 10043000 f   LIBCMTD:undname.obj
 0001:00042150       ?getThrowTypes@UnDecorator@@CA?AVDName@@XZ 10043150 f   LIBCMTD:undname.obj
 0001:00042200       ?getBasicDataType@UnDecorator@@CA?AVDName@@ABV2@@Z 10043200 f   LIBCMTD:undname.obj
 0001:000427b0       ?getECSUDataType@UnDecorator@@CA?AVDName@@XZ 100437b0 f   LIBCMTD:undname.obj
 0001:00042980       ?getECSUName@UnDecorator@@CA?AVDName@@XZ 10043980 f i LIBCMTD:undname.obj
 0001:000429a0       ?getEnumType@UnDecorator@@CA?AVDName@@XZ 100439a0 f i LIBCMTD:undname.obj
 0001:00042af0       ?getFunctionIndirectType@UnDecorator@@CA?AVDName@@ABV2@@Z 10043af0 f   LIBCMTD:undname.obj
 0001:00042f30       ?getPtrRefType@UnDecorator@@CA?AVDName@@ABV2@0D@Z 10043f30 f   LIBCMTD:undname.obj
 0001:00043090       ?getExtendedDataIndirectType@UnDecorator@@CA?AVDName@@AADAA_NH@Z 10044090 f   LIBCMTD:undname.obj
 0001:000432a0       ?getDataIndirectType@UnDecorator@@CA?AVDName@@ABV2@D0H@Z 100442a0 f   LIBCMTD:undname.obj
 0001:000439a0       ?getPtrRefDataType@UnDecorator@@CA?AVDName@@ABV2@H@Z 100449a0 f i LIBCMTD:undname.obj
 0001:00043ae0       ?getArrayType@UnDecorator@@CA?AVDName@@ABV2@@Z 10044ae0 f i LIBCMTD:undname.obj
 0001:00043d10       ?getLexicalFrame@UnDecorator@@CA?AVDName@@XZ 10044d10 f i LIBCMTD:undname.obj
 0001:00043d50       ?getThisType@UnDecorator@@CA?AVDName@@XZ 10044d50 f i LIBCMTD:undname.obj
 0001:00043d90       ?getPointerType@UnDecorator@@CA?AVDName@@ABV2@0@Z 10044d90 f i LIBCMTD:undname.obj
 0001:00043db0       ?getPointerTypeArray@UnDecorator@@CA?AVDName@@ABV2@0@Z 10044db0 f i LIBCMTD:undname.obj
 0001:00043dd0       ?getReferenceType@UnDecorator@@CA?AVDName@@ABV2@0@Z 10044dd0 f i LIBCMTD:undname.obj
 0001:00043df0       ?getDisplacement@UnDecorator@@CA?AVDName@@XZ 10044df0 f i LIBCMTD:undname.obj
 0001:00043e10       ?getCallIndex@UnDecorator@@CA?AVDName@@XZ 10044e10 f i LIBCMTD:undname.obj
 0001:00043e30       ?getGuardNumber@UnDecorator@@CA?AVDName@@XZ 10044e30 f i LIBCMTD:undname.obj
 0001:00043e50       ?getVbTableType@UnDecorator@@CA?AVDName@@ABV2@@Z 10044e50 f i LIBCMTD:undname.obj
 0001:00043e70       ?getVCallThunkType@UnDecorator@@CA?AVDName@@XZ 10044e70 f i LIBCMTD:undname.obj
 0001:00043ed0       ?getVfTableType@UnDecorator@@CA?AVDName@@ABV2@@Z 10044ed0 f i LIBCMTD:undname.obj
 0001:00044090       ?getStorageConvention@UnDecorator@@CA?AVDName@@XZ 10045090 f i LIBCMTD:undname.obj
 0001:000440b0       ?getDataIndirectType@UnDecorator@@CA?AVDName@@XZ 100450b0 f i LIBCMTD:undname.obj
 0001:000440f0       ?getVdispMapType@UnDecorator@@CA?AVDName@@ABV2@@Z 100450f0 f i LIBCMTD:undname.obj
 0001:00044160       ?getExternalDataType@UnDecorator@@CA?AVDName@@ABV2@@Z 10045160 f i LIBCMTD:undname.obj
 0001:000441f0       ?doMSKeywords@UnDecorator@@SAHXZ 100451f0 f i LIBCMTD:undname.obj
 0001:00044210       ?doPtr64@UnDecorator@@SAHXZ 10045210 f i LIBCMTD:undname.obj
 0001:00044230       ?doFunctionReturns@UnDecorator@@SAHXZ 10045230 f i LIBCMTD:undname.obj
 0001:00044250       ?doAllocationModel@UnDecorator@@SAHXZ 10045250 f i LIBCMTD:undname.obj
 0001:00044270       ?doAllocationLanguage@UnDecorator@@SAHXZ 10045270 f i LIBCMTD:undname.obj
 0001:00044290       ?doThisTypes@UnDecorator@@SAHXZ 10045290 f i LIBCMTD:undname.obj
 0001:000442b0       ?doAccessSpecifiers@UnDecorator@@SAHXZ 100452b0 f i LIBCMTD:undname.obj
 0001:000442d0       ?doThrowTypes@UnDecorator@@SAHXZ 100452d0 f i LIBCMTD:undname.obj
 0001:000442f0       ?doMemberTypes@UnDecorator@@SAHXZ 100452f0 f i LIBCMTD:undname.obj
 0001:00044310       ?doNameOnly@UnDecorator@@SAHXZ 10045310 f i LIBCMTD:undname.obj
 0001:00044330       ?doTypeOnly@UnDecorator@@SAHXZ 10045330 f i LIBCMTD:undname.obj
 0001:00044350       ?haveTemplateParameters@UnDecorator@@SAHXZ 10045350 f i LIBCMTD:undname.obj
 0001:00044370       ?doEcsu@UnDecorator@@SAHXZ 10045370 f i LIBCMTD:undname.obj
 0001:00044390       ?doEllipsis@UnDecorator@@SAHXZ 10045390 f i LIBCMTD:undname.obj
 0001:000443b0       ?UScore@UnDecorator@@SAPBDW4Tokens@@@Z 100453b0 f   LIBCMTD:undname.obj
 0001:000443e0       ?doUnderScore@UnDecorator@@SAHXZ 100453e0 f i LIBCMTD:undname.obj
 0001:00044400       ??2@YAPAXIAAVHeapManager@@H@Z 10045400 f i LIBCMTD:undname.obj
 0001:00044420       ?getMemory@HeapManager@@QAEPAXIH@Z 10045420 f   LIBCMTD:undname.obj
 0001:00044530       ??0Block@HeapManager@@QAE@XZ 10045530 f i LIBCMTD:undname.obj
 0001:00044550       ??H@YA?AVDName@@DABV0@@Z   10045550 f i LIBCMTD:undname.obj
 0001:00044580       ??H@YA?AVDName@@W4DNameStatus@@ABV0@@Z 10045580 f i LIBCMTD:undname.obj
 0001:000445b0       ??H@YA?AVDName@@PBDABV0@@Z 100455b0 f i LIBCMTD:undname.obj
 0001:000445e0       ??0DName@@QAE@XZ           100455e0 f i LIBCMTD:undname.obj
 0001:000446a0       ??0DName@@QAE@D@Z          100456a0 f   LIBCMTD:undname.obj
 0001:00044780       ??0DName@@QAE@ABV0@@Z      10045780 f i LIBCMTD:undname.obj
 0001:000447b0       ??0DName@@QAE@PAV0@@Z      100457b0 f   LIBCMTD:undname.obj
 0001:000448e0       ??0DName@@QAE@PBD@Z        100458e0 f   LIBCMTD:undname.obj
 0001:000449c0       ??0DName@@QAE@AAPBDD@Z     100459c0 f   LIBCMTD:undname.obj
 0001:00044c80       ?doNoIdentCharCheck@UnDecorator@@SAHXZ 10045c80 f i LIBCMTD:undname.obj
 0001:00044ca0       ??0DName@@QAE@_K@Z         10045ca0 f   LIBCMTD:undname.obj
 0001:00044de0       ??0DName@@QAE@_J@Z         10045de0 f   LIBCMTD:undname.obj
 0001:00044f60       ??0DName@@QAE@W4DNameStatus@@@Z 10045f60 f   LIBCMTD:undname.obj
 0001:00045080       ?isValid@DName@@QBEHXZ     10046080 f i LIBCMTD:undname.obj
 0001:000450b0       ?isEmpty@DName@@QBEHXZ     100460b0 f i LIBCMTD:undname.obj
 0001:000450d0       ?status@DName@@QBE?AW4DNameStatus@@XZ 100460d0 f i LIBCMTD:undname.obj
 0001:000450f0       ?setPtrRef@DName@@QAEAAV1@XZ 100460f0 f i LIBCMTD:undname.obj
 0001:00045120       ?isPtrRef@DName@@QBEHXZ    10046120 f i LIBCMTD:undname.obj
 0001:00045140       ?isUDC@DName@@QBEHXZ       10046140 f i LIBCMTD:undname.obj
 0001:00045180       ?setIsUDC@DName@@QAEXXZ    10046180 f i LIBCMTD:undname.obj
 0001:000451b0       ?isUDTThunk@DName@@QBEHXZ  100461b0 f i LIBCMTD:undname.obj
 0001:000451f0       ?setIsArray@DName@@QAEXXZ  100461f0 f i LIBCMTD:undname.obj
 0001:00045210       ?isArray@DName@@QBEHXZ     10046210 f i LIBCMTD:undname.obj
 0001:00045230       ?isNoTE@DName@@QBEHXZ      10046230 f i LIBCMTD:undname.obj
 0001:00045250       ?setIsNoTE@DName@@QAEXXZ   10046250 f i LIBCMTD:undname.obj
 0001:00045270       ?isPinPtr@DName@@QBEHXZ    10046270 f i LIBCMTD:undname.obj
[...]
 0003:00000e58       __confh                    1006fe58     LIBCMTD:initcon.obj
 0003:00000e64       ??_R0?AVbad_exception@std@@@8 1006fe64     LIBCMTD:frame.obj
 0003:00000e84       ??_R0?AVexception@std@@@8  1006fe84     LIBCMTD:frame.obj
 0003:00000ea0       __timezone                 1006fea0     LIBCMTD:timeset.obj
 0003:00000ea4       __daylight                 1006fea4     LIBCMTD:timeset.obj
 0003:00000ea8       __dstbias                  1006fea8     LIBCMTD:timeset.obj
 0003:00000f30       __tzname                   1006ff30     LIBCMTD:timeset.obj
 0003:00000f70       __pow10pos                 1006ff70     LIBCMTD:_constpow_.obj
 0003:000010d0       __pow10neg                 100700d0     LIBCMTD:_constpow_.obj
 0003:00001230       ??_R0?AVtype_info@@@8      10070230     LIBCMTD:typinfo.obj
 0003:0000124c       ??_R0?AVbad_cast@std@@@8   1007024c     LIBCMTD:stdexcpt.obj
 0003:00001268       ??_R0?AVbad_typeid@std@@@8 10070268     LIBCMTD:stdexcpt.obj
 0003:00001288       ??_R0?AV__non_rtti_object@std@@@8 10070288     LIBCMTD:stdexcpt.obj
 0003:000012ac       __lpdays                   100702ac     LIBCMTD:days.obj
 0003:000012e0       __days                     100702e0     LIBCMTD:days.obj
 0003:00001820       ?udp_socket@@3IA           10070820     ExtIOFunctions.obj
 0003:00001824       ?remote_addr@@3Usockaddr_in@@A 10070824     ExtIOFunctions.obj
 0003:00001834       ?TriggerEvent@@3PAXA       10070834     ExtIOFunctions.obj
 0003:00001838       ?wsda@@3UWSAData@@A        10070838     ExtIOFunctions.obj
 0003:000019c8       ?udp_fr_server@@3Usockaddr_in@@A 100709c8     ExtIOFunctions.obj
 0003:000019d8       ?udp_fr_client@@3Usockaddr_in@@A 100709d8     ExtIOFunctions.obj
 0003:000019e8       ?iq_data@@3PAFA            100709e8     ExtIOFunctions.obj
 0003:000021e8       ?addr@@3Usockaddr_in@@A    100711e8     ExtIOFunctions.obj
 0003:000021f8       ?ExtIOCallback@@3P6AXHHMPAX@ZA 100711f8     ExtIOFunctions.obj
 0003:000021fc       ?hTimer@@3PAXA             100711fc     ExtIOFunctions.obj
 0003:00002200       ?hTimerQueue@@3PAXA        10071200     ExtIOFunctions.obj
 0003:00002204       ?timer_started@@3_NA       10071204     ExtIOFunctions.obj
 0003:00002208       ?udp_fr_socket@@3IA        10071208     ExtIOFunctions.obj
 0003:0000240c       ___fastflag                1007140c     LIBCMTD:_fpinit_.obj
 0003:00002410       __adjust_fdiv              10071410     LIBCMTD:_fpinit_.obj
 0003:00002418       __aenvptr                  10071418     LIBCMTD:dllcrt0.obj
 0003:0000241c       __wenvptr                  1007141c     LIBCMTD:dllcrt0.obj
 0003:00002420       ___error_mode              10071420     LIBCMTD:dllcrt0.obj
 0003:00002424       ___app_type                10071424     LIBCMTD:dllcrt0.obj
 0003:00002428       ___pInvalidArgHandler      10071428     LIBCMTD:invarg.obj
 0003:00002754       _gpFlsAlloc                10071754     LIBCMTD:tidtable.obj
 0003:00002758       _gpFlsGetValue             10071758     LIBCMTD:tidtable.obj
 0003:0000275c       _gpFlsSetValue             1007175c     LIBCMTD:tidtable.obj
 0003:00002760       _gpFlsFree                 10071760     LIBCMTD:tidtable.obj
 0003:00002778       ?_pfnDumpClient@@3P6AXPAXI@ZA 10071778     LIBCMTD:dbgheap.obj
 0003:00002780       ___crtDebugCheckCount      10071780     LIBCMTD:dbgheap.obj
 0003:00002788       __umaskval                 10071788     LIBCMTD:crt0dat.obj
 0003:0000278c       ___argc                    1007178c     LIBCMTD:crt0dat.obj
 0003:00002790       ___argv                    10071790     LIBCMTD:crt0dat.obj
 0003:00002794       ___wargv                   10071794     LIBCMTD:crt0dat.obj
 0003:00002798       __environ                  10071798     LIBCMTD:crt0dat.obj
 0003:0000279c       ___initenv                 1007179c     LIBCMTD:crt0dat.obj
 0003:000027a0       __wenviron                 100717a0     LIBCMTD:crt0dat.obj
 0003:000027a4       ___winitenv                100717a4     LIBCMTD:crt0dat.obj
 0003:000027a8       __pgmptr                   100717a8     LIBCMTD:crt0dat.obj
 0003:000027ac       __wpgmptr                  100717ac     LIBCMTD:crt0dat.obj
 0003:000027b0       __exitflag                 100717b0     LIBCMTD:crt0dat.obj
 0003:000027b4       __C_Termination_Done       100717b4     LIBCMTD:crt0dat.obj
 0003:000027b8       __C_Exit_Done              100717b8     LIBCMTD:crt0dat.obj
 0003:000028cc       __crtheap                  100718cc     LIBCMTD:heapinit.obj
 0003:000028d0       __cflush                   100718d0     LIBCMTD:_file.obj
 0003:000028dc       ___mbulinfo                100718dc     LIBCMTD:mbctype.obj
 0003:000028e8       ___mbcodepage              100718e8     LIBCMTD:mbctype.obj
 0003:000028ec       ___ismbcodepage            100718ec     LIBCMTD:mbctype.obj
 0003:000028f0       ___mblcid                  100718f0     LIBCMTD:mbctype.obj
 0003:000028f4       ___locale_changed          100718f4     LIBCMTD:setlocal.obj
 0003:000028f8       ___lc_handle               100718f8     LIBCMTD:nlsdata2.obj
 0003:00002910       ___lc_codepage             10071910     LIBCMTD:nlsdata2.obj
 0003:00002914       ___lc_collate_cp           10071914     LIBCMTD:nlsdata2.obj
 0003:00002aa8       __outputformat             10071aa8     LIBCMTD:outputformat.obj
 0003:00002aac       __newmode                  10071aac     LIBCMTD:_newmode.obj
 0003:00002ab0       ?_pnhHeap@@3P6AHI@ZA       10071ab0     LIBCMTD:handler.obj
 0003:00002abc       ___sbh_pHeaderDefer        10071abc     LIBCMTD:sbheap.obj
 0003:00002dd4       ?__pInconsistency@@3P6AXXZA 10071dd4     LIBCMTD:hooks.obj
 0003:00002de4       ___pPurecall               10071de4     LIBCMTD:inithelp.obj
 0003:00002dec       ?wsprintffp@@3P6AHPADPBDZZA 10071dec     LIBCMTD:_error_.obj
 0003:00002df0       __stdbuf                   10071df0     LIBCMTD:_sftbuf.obj
 0003:00002e00       ___lconv_static_null       10071e00     LIBCMTD:lconv.obj
 0003:00002f04       ?pArgList@UnDecorator@@0PAVReplicator@@A 10071f04     LIBCMTD:undname.obj
 0003:00002f08       ?pZNameList@UnDecorator@@0PAVReplicator@@A 10071f08     LIBCMTD:undname.obj
 0003:00002f0c       ?pTemplateArgList@UnDecorator@@0PAVReplicator@@A 10071f0c     LIBCMTD:undname.obj
 0003:00002f10       ?gName@UnDecorator@@0PBDB  10071f10     LIBCMTD:undname.obj
 0003:00002f14       ?name@UnDecorator@@0PBDB   10071f14     LIBCMTD:undname.obj
 0003:00002f18       ?outputString@UnDecorator@@0PADA 10071f18     LIBCMTD:undname.obj
 0003:00002f1c       ?maxStringLength@UnDecorator@@0HA 10071f1c     LIBCMTD:undname.obj
 0003:00002f20       ?disableFlags@UnDecorator@@0KA 10071f20     LIBCMTD:undname.obj
 0003:00002f24       ?m_pGetParameter@UnDecorator@@0P6APADJ@ZA 10071f24     LIBCMTD:undname.obj
 0003:00002f28       ?fExplicitTemplateParams@UnDecorator@@0_NA 10071f28     LIBCMTD:undname.obj
 0003:00002f29       ?fGetTemplateArgumentList@UnDecorator@@0_NA 10071f29     LIBCMTD:undname.obj
 0003:00002f80       ?nodes@?1??make@DNameStatusNode@@SAPAV2@W4DNameStatus@@@Z@4PAV2@A 10071f80     LIBCMTD:undname.obj
 0003:00002fb0       ??_B?1??make@DNameStatusNode@@SAPAV1@W4DNameStatus@@@Z@51 10071fb0     LIBCMTD:undname.obj
 0003:00002fb8       ___sbh_initialized         10071fb8     <common>
 0003:00002fcc       ___sbh_cntHeaderList       10071fcc     <common>
 0003:00002fd0       ___sbh_pHeaderList         10071fd0     <common>
 0003:00002fd4       ___sbh_threshold           10071fd4     <common>
 0003:00002fd8       ___sbh_pHeaderScan         10071fd8     <common>
 0003:00002fdc       ___sbh_sizeHeaderList      10071fdc     <common>
 0003:00002fe0       ___sbh_indGroupDefer       10071fe0     <common>
 0003:00002fe4       __pfnReportHook            10071fe4     <common>
 0003:00002ff4       __pReportHookListW         10071ff4     <common>
 0003:00002ff8       __pReportHookList          10071ff8     <common>
 0003:00002ffc       __debugger_hook_dummy      10071ffc     <common>
 0003:00003008       ___setlc_active            10072008     <common>
 0003:00003018       ___unguarded_readlc_active 10072018     <common>
 0003:0000301c       ___piob                    1007201c     <common>
 0003:00003360       __bufin                    10072360     <common>
 0003:00004360       __nstream                  10073360     <common>
 0003:00004364       ___active_heap             10073364     <common>
 0003:00004370       __nhandle                  10073370     <common>
 0003:000043c0       ___pioinfo                 100733c0     <common>
 0003:000044c0       ___env_initialized         100734c0     <common>
 0003:000044d0       ___onexitend               100734d0     <common>
 0003:000044d4       ___onexitbegin             100734d4     <common>
 0003:000044d8       ___mbctype_initialized     100734d8     <common>
 0003:000044dc       ___dyn_tls_init_callback   100734dc     <common>
 0003:000044e0       ___sse2_available          100734e0     <common>
 0003:000044ec       __acmdln                   100734ec     <common>
 0004:00000000       __IMPORT_DESCRIPTOR_KERNEL32 10074000     kernel32:KERNEL32.dll
 0004:00000014       __IMPORT_DESCRIPTOR_WSOCK32 10074014     wsock32:WSOCK32.dll
 0004:00000028       __NULL_IMPORT_DESCRIPTOR   10074028     kernel32:KERNEL32.dll
 0004:000002a8       __imp__OutputDebugStringA@4 100742a8     kernel32:KERNEL32.dll
 0004:000002ac       __imp__SetEvent@4          100742ac     kernel32:KERNEL32.dll
 0004:000002b0       __imp__CreateTimerQueueTimer@28 100742b0     kernel32:KERNEL32.dll
 0004:000002b4       __imp__CreateTimerQueue@0  100742b4     kernel32:KERNEL32.dll
 0004:000002b8       __imp__CreateEventA@16     100742b8     kernel32:KERNEL32.dll
 0004:000002bc       __imp__DeleteTimerQueue@4  100742bc     kernel32:KERNEL32.dll
 0004:000002c0       __imp__CloseHandle@4       100742c0     kernel32:KERNEL32.dll
 0004:000002c4       __imp__WaitForSingleObject@8 100742c4     kernel32:KERNEL32.dll
 0004:000002c8       __imp__CompareStringW@24   100742c8     kernel32:KERNEL32.dll
 0004:000002cc       __imp__CompareStringA@24   100742cc     kernel32:KERNEL32.dll
 0004:000002d0       __imp__GetTimeZoneInformation@4 100742d0     kernel32:KERNEL32.dll
 0004:000002d4       __imp__FlushFileBuffers@4  100742d4     kernel32:KERNEL32.dll
 0004:000002d8       __imp__VirtualQuery@12     100742d8     kernel32:KERNEL32.dll
 0004:000002dc       __imp__GetProcessHeap@0    100742dc     kernel32:KERNEL32.dll
 0004:000002e0       __imp__CreateFileA@28      100742e0     kernel32:KERNEL32.dll
 0004:000002e4       __imp__GetLocaleInfoW@16   100742e4     kernel32:KERNEL32.dll
 0004:000002e8       __imp__GetUserDefaultLCID@0 100742e8     kernel32:KERNEL32.dll
 0004:000002ec       __imp__EnumSystemLocalesA@8 100742ec     kernel32:KERNEL32.dll
 0004:000002f0       __imp__IsValidLocale@8     100742f0     kernel32:KERNEL32.dll
 0004:000002f4       __imp__GetCurrentThreadId@0 100742f4     kernel32:KERNEL32.dll
 0004:000002f8       __imp__GetCommandLineA@0   100742f8     kernel32:KERNEL32.dll
 0004:000002fc       __imp__TerminateProcess@8  100742fc     kernel32:KERNEL32.dll
 0004:00000300       __imp__GetCurrentProcess@0 10074300     kernel32:KERNEL32.dll
 0004:00000304       __imp__UnhandledExceptionFilter@4 10074304     kernel32:KERNEL32.dll
 0004:00000308       __imp__SetUnhandledExceptionFilter@4 10074308     kernel32:KERNEL32.dll
 0004:0000030c       __imp__IsDebuggerPresent@0 1007430c     kernel32:KERNEL32.dll
 0004:00000310       __imp__GetModuleFileNameW@12 10074310     kernel32:KERNEL32.dll
 0004:00000314       __imp__GetProcAddress@8    10074314     kernel32:KERNEL32.dll
 0004:00000318       __imp__GetModuleHandleA@4  10074318     kernel32:KERNEL32.dll
 0004:0000031c       __imp__TlsGetValue@4       1007431c     kernel32:KERNEL32.dll
 0004:00000320       __imp__GetModuleHandleW@4  10074320     kernel32:KERNEL32.dll
 0004:00000324       __imp__TlsAlloc@0          10074324     kernel32:KERNEL32.dll
 0004:00000328       __imp__TlsSetValue@8       10074328     kernel32:KERNEL32.dll
 0004:0000032c       __imp__TlsFree@4           1007432c     kernel32:KERNEL32.dll
 0004:00000330       __imp__InterlockedIncrement@4 10074330     kernel32:KERNEL32.dll
 0004:00000334       __imp__SetLastError@4      10074334     kernel32:KERNEL32.dll
 0004:00000338       __imp__GetLastError@0      10074338     kernel32:KERNEL32.dll
 0004:0000033c       __imp__InterlockedDecrement@4 1007433c     kernel32:KERNEL32.dll
 0004:00000340       __imp__GetCurrentThread@0  10074340     kernel32:KERNEL32.dll
 0004:00000344       __imp__HeapValidate@12     10074344     kernel32:KERNEL32.dll
 0004:00000348       __imp__IsBadReadPtr@8      10074348     kernel32:KERNEL32.dll
 0004:0000034c       __imp__Sleep@4             1007434c     kernel32:KERNEL32.dll
 0004:00000350       __imp__ExitProcess@4       10074350     kernel32:KERNEL32.dll
 0004:00000354       __imp__SetHandleCount@4    10074354     kernel32:KERNEL32.dll
 0004:00000358       __imp__GetStdHandle@4      10074358     kernel32:KERNEL32.dll
 0004:0000035c       __imp__GetFileType@4       1007435c     kernel32:KERNEL32.dll
 0004:00000360       __imp__GetStartupInfoA@4   10074360     kernel32:KERNEL32.dll
 0004:00000364       __imp__DeleteCriticalSection@4 10074364     kernel32:KERNEL32.dll
 0004:00000368       __imp__GetModuleFileNameA@12 10074368     kernel32:KERNEL32.dll
 0004:0000036c       __imp__FreeEnvironmentStringsA@4 1007436c     kernel32:KERNEL32.dll
 0004:00000370       __imp__GetEnvironmentStrings@0 10074370     kernel32:KERNEL32.dll
 0004:00000374       __imp__FreeEnvironmentStringsW@4 10074374     kernel32:KERNEL32.dll
 0004:00000378       __imp__WideCharToMultiByte@32 10074378     kernel32:KERNEL32.dll
 0004:0000037c       __imp__GetEnvironmentStringsW@0 1007437c     kernel32:KERNEL32.dll
 0004:00000380       __imp__HeapDestroy@4       10074380     kernel32:KERNEL32.dll
 0004:00000384       __imp__HeapCreate@12       10074384     kernel32:KERNEL32.dll
 0004:00000388       __imp__HeapFree@12         10074388     kernel32:KERNEL32.dll
 0004:0000038c       __imp__VirtualFree@12      1007438c     kernel32:KERNEL32.dll
 0004:00000390       __imp__QueryPerformanceCounter@4 10074390     kernel32:KERNEL32.dll
 0004:00000394       __imp__GetTickCount@0      10074394     kernel32:KERNEL32.dll
 0004:00000398       __imp__GetCurrentProcessId@0 10074398     kernel32:KERNEL32.dll
 0004:0000039c       __imp__GetSystemTimeAsFileTime@4 1007439c     kernel32:KERNEL32.dll
 0004:000003a0       __imp__SetFilePointer@16   100743a0     kernel32:KERNEL32.dll
 0004:000003a4       __imp__WriteFile@20        100743a4     kernel32:KERNEL32.dll
 0004:000003a8       __imp__GetConsoleCP@0      100743a8     kernel32:KERNEL32.dll
 0004:000003ac       __imp__GetConsoleMode@8    100743ac     kernel32:KERNEL32.dll
 0004:000003b0       __imp__EnterCriticalSection@4 100743b0     kernel32:KERNEL32.dll
 0004:000003b4       __imp__LeaveCriticalSection@4 100743b4     kernel32:KERNEL32.dll
 0004:000003b8       __imp__GetACP@0            100743b8     kernel32:KERNEL32.dll
 0004:000003bc       __imp__GetOEMCP@0          100743bc     kernel32:KERNEL32.dll
 0004:000003c0       __imp__GetCPInfo@8         100743c0     kernel32:KERNEL32.dll
 0004:000003c4       __imp__IsValidCodePage@4   100743c4     kernel32:KERNEL32.dll
 0004:000003c8       __imp__FatalAppExitA@8     100743c8     kernel32:KERNEL32.dll
 0004:000003cc       __imp__DebugBreak@0        100743cc     kernel32:KERNEL32.dll
 0004:000003d0       __imp__WriteConsoleW@20    100743d0     kernel32:KERNEL32.dll
 0004:000003d4       __imp__OutputDebugStringW@4 100743d4     kernel32:KERNEL32.dll
 0004:000003d8       __imp__SetConsoleCtrlHandler@8 100743d8     kernel32:KERNEL32.dll
 0004:000003dc       __imp__LoadLibraryW@4      100743dc     kernel32:KERNEL32.dll
 0004:000003e0       __imp__HeapAlloc@12        100743e0     kernel32:KERNEL32.dll
 0004:000003e4       __imp__HeapSize@12         100743e4     kernel32:KERNEL32.dll
 0004:000003e8       __imp__HeapReAlloc@16      100743e8     kernel32:KERNEL32.dll
 0004:000003ec       __imp__VirtualAlloc@16     100743ec     kernel32:KERNEL32.dll
 0004:000003f0       __imp__FreeLibrary@4       100743f0     kernel32:KERNEL32.dll
 0004:000003f4       __imp__InterlockedExchange@8 100743f4     kernel32:KERNEL32.dll
 0004:000003f8       __imp__LoadLibraryA@4      100743f8     kernel32:KERNEL32.dll
 0004:000003fc       __imp__InitializeCriticalSectionAndSpinCount@8 100743fc     kernel32:KERNEL32.dll
 0004:00000400       __imp__RtlUnwind@16        10074400     kernel32:KERNEL32.dll
 0004:00000404       __imp__SetStdHandle@8      10074404     kernel32:KERNEL32.dll
 0004:00000408       __imp__WriteConsoleA@20    10074408     kernel32:KERNEL32.dll
 0004:0000040c       __imp__GetConsoleOutputCP@0 1007440c     kernel32:KERNEL32.dll
 0004:00000410       __imp__MultiByteToWideChar@24 10074410     kernel32:KERNEL32.dll
 0004:00000414       __imp__RaiseException@16   10074414     kernel32:KERNEL32.dll
 0004:00000418       __imp__lstrlenA@4          10074418     kernel32:KERNEL32.dll
 0004:0000041c       __imp__LCMapStringA@24     1007441c     kernel32:KERNEL32.dll
 0004:00000420       __imp__LCMapStringW@24     10074420     kernel32:KERNEL32.dll
 0004:00000424       __imp__GetStringTypeA@20   10074424     kernel32:KERNEL32.dll
 0004:00000428       __imp__GetStringTypeW@16   10074428     kernel32:KERNEL32.dll
 0004:0000042c       __imp__GetTimeFormatA@24   1007442c     kernel32:KERNEL32.dll
 0004:00000430       __imp__GetDateFormatA@24   10074430     kernel32:KERNEL32.dll
 0004:00000434       __imp__GetLocaleInfoA@16   10074434     kernel32:KERNEL32.dll
 0004:00000438       __imp__SetEnvironmentVariableA@8 10074438     kernel32:KERNEL32.dll
 0004:0000043c       \177KERNEL32_NULL_THUNK_DATA 1007443c     kernel32:KERNEL32.dll
 0004:000004b8       __imp__ioctlsocket@12      100744b8     wsock32:WSOCK32.dll
 0004:000004bc       __imp__recvfrom@24         100744bc     wsock32:WSOCK32.dll
 0004:000004c0       __imp__bind@12             100744c0     wsock32:WSOCK32.dll
 0004:000004c4       __imp__closesocket@4       100744c4     wsock32:WSOCK32.dll
 0004:000004c8       __imp__WSACleanup@0        100744c8     wsock32:WSOCK32.dll
 0004:000004cc       __imp__WSAStartup@8        100744cc     wsock32:WSOCK32.dll
 0004:000004d0       __imp__socket@12           100744d0     wsock32:WSOCK32.dll
 0004:000004d4       __imp__setsockopt@20       100744d4     wsock32:WSOCK32.dll
 0004:000004d8       __imp__htons@4             100744d8     wsock32:WSOCK32.dll
 0004:000004dc       __imp__sendto@24           100744dc     wsock32:WSOCK32.dll
 0004:000004e0       \177WSOCK32_NULL_THUNK_DATA 100744e0     wsock32:WSOCK32.dll

 entry point at        0001:00000e80


 Exports

  ordinal    name

        1    _CloseHW@0
               exported name: CloseHW
        2    _GetHWLO@0
               exported name: GetHWLO
        3    _GetHWSR@0
               exported name: GetHWSR
        4    _GetStatus@0
               exported name: GetStatus
        5    _GetTune@0
               exported name: GetTune
        6    _InitHW@12
               exported name: InitHW
        7    _OpenHW@0
               exported name: OpenHW
        8    _RawDataReady@16
               exported name: RawDataReady
        9    _SetCallback@4
               exported name: SetCallback
       10    _SetHWLO@4
               exported name: SetHWLO
       11    _StartHW@4
               exported name: StartHW
       12    _StopHW@0
               exported name: StopHW
       13    _TuneChanged@4
               exported name: TuneChanged
       14    _CloseHW@0
       15    _GetHWLO@0
       16    _GetHWSR@0
       17    _GetStatus@0
       18    _GetTune@0
       19    _InitHW@12
       20    _OpenHW@0
       21    _RawDataReady@16
       22    _SetCallback@4
       23    _SetHWLO@4
       24    _StartHW@4
       25    _StopHW@0
       26    _TuneChanged@4
